Archive member included to satisfy reference by file (symbol)

c:/st/stm32cubeide_1.10.1/stm32cubeide/plugins/com.st.stm32cube.ide.mcu.externaltools.gnu-tools-for-stm32.10.3-2021.10.win32_1.0.200.202301161003/tools/bin/../lib/gcc/arm-none-eabi/10.3.1/../../../../arm-none-eabi/lib/thumb/v7e-m+fp/hard\libc_nano.a(lib_a-errno.o)
                              ./Core/Src/syscalls.o (__errno)
c:/st/stm32cubeide_1.10.1/stm32cubeide/plugins/com.st.stm32cube.ide.mcu.externaltools.gnu-tools-for-stm32.10.3-2021.10.win32_1.0.200.202301161003/tools/bin/../lib/gcc/arm-none-eabi/10.3.1/../../../../arm-none-eabi/lib/thumb/v7e-m+fp/hard\libc_nano.a(lib_a-exit.o)
                              c:/st/stm32cubeide_1.10.1/stm32cubeide/plugins/com.st.stm32cube.ide.mcu.externaltools.gnu-tools-for-stm32.10.3-2021.10.win32_1.0.200.202301161003/tools/bin/../lib/gcc/arm-none-eabi/10.3.1/../../../../arm-none-eabi/lib/thumb/v7e-m+fp/hard/crt0.o (exit)
c:/st/stm32cubeide_1.10.1/stm32cubeide/plugins/com.st.stm32cube.ide.mcu.externaltools.gnu-tools-for-stm32.10.3-2021.10.win32_1.0.200.202301161003/tools/bin/../lib/gcc/arm-none-eabi/10.3.1/../../../../arm-none-eabi/lib/thumb/v7e-m+fp/hard\libc_nano.a(lib_a-impure.o)
                              c:/st/stm32cubeide_1.10.1/stm32cubeide/plugins/com.st.stm32cube.ide.mcu.externaltools.gnu-tools-for-stm32.10.3-2021.10.win32_1.0.200.202301161003/tools/bin/../lib/gcc/arm-none-eabi/10.3.1/../../../../arm-none-eabi/lib/thumb/v7e-m+fp/hard\libc_nano.a(lib_a-exit.o) (_global_impure_ptr)
c:/st/stm32cubeide_1.10.1/stm32cubeide/plugins/com.st.stm32cube.ide.mcu.externaltools.gnu-tools-for-stm32.10.3-2021.10.win32_1.0.200.202301161003/tools/bin/../lib/gcc/arm-none-eabi/10.3.1/../../../../arm-none-eabi/lib/thumb/v7e-m+fp/hard\libc_nano.a(lib_a-init.o)
                              c:/st/stm32cubeide_1.10.1/stm32cubeide/plugins/com.st.stm32cube.ide.mcu.externaltools.gnu-tools-for-stm32.10.3-2021.10.win32_1.0.200.202301161003/tools/bin/../lib/gcc/arm-none-eabi/10.3.1/../../../../arm-none-eabi/lib/thumb/v7e-m+fp/hard/crt0.o (__libc_init_array)
c:/st/stm32cubeide_1.10.1/stm32cubeide/plugins/com.st.stm32cube.ide.mcu.externaltools.gnu-tools-for-stm32.10.3-2021.10.win32_1.0.200.202301161003/tools/bin/../lib/gcc/arm-none-eabi/10.3.1/../../../../arm-none-eabi/lib/thumb/v7e-m+fp/hard\libc_nano.a(lib_a-memcpy-stub.o)
                              ./Core/Src/esp_webserver_uart_ring_buffer_motor.o (memcpy)
c:/st/stm32cubeide_1.10.1/stm32cubeide/plugins/com.st.stm32cube.ide.mcu.externaltools.gnu-tools-for-stm32.10.3-2021.10.win32_1.0.200.202301161003/tools/bin/../lib/gcc/arm-none-eabi/10.3.1/../../../../arm-none-eabi/lib/thumb/v7e-m+fp/hard\libc_nano.a(lib_a-memset.o)
                              c:/st/stm32cubeide_1.10.1/stm32cubeide/plugins/com.st.stm32cube.ide.mcu.externaltools.gnu-tools-for-stm32.10.3-2021.10.win32_1.0.200.202301161003/tools/bin/../lib/gcc/arm-none-eabi/10.3.1/../../../../arm-none-eabi/lib/thumb/v7e-m+fp/hard/crt0.o (memset)
c:/st/stm32cubeide_1.10.1/stm32cubeide/plugins/com.st.stm32cube.ide.mcu.externaltools.gnu-tools-for-stm32.10.3-2021.10.win32_1.0.200.202301161003/tools/bin/../lib/gcc/arm-none-eabi/10.3.1/../../../../arm-none-eabi/lib/thumb/v7e-m+fp/hard\libc_nano.a(lib_a-printf.o)
                              ./Core/Src/esp_webserver_uart_ring_buffer_motor.o (printf)
c:/st/stm32cubeide_1.10.1/stm32cubeide/plugins/com.st.stm32cube.ide.mcu.externaltools.gnu-tools-for-stm32.10.3-2021.10.win32_1.0.200.202301161003/tools/bin/../lib/gcc/arm-none-eabi/10.3.1/../../../../arm-none-eabi/lib/thumb/v7e-m+fp/hard\libc_nano.a(lib_a-puts.o)
                              ./Core/Src/esp_webserver_uart_ring_buffer.o (puts)
c:/st/stm32cubeide_1.10.1/stm32cubeide/plugins/com.st.stm32cube.ide.mcu.externaltools.gnu-tools-for-stm32.10.3-2021.10.win32_1.0.200.202301161003/tools/bin/../lib/gcc/arm-none-eabi/10.3.1/../../../../arm-none-eabi/lib/thumb/v7e-m+fp/hard\libc_nano.a(lib_a-sprintf.o)
                              ./Core/Src/esp_webserver_uart_ring_buffer_motor.o (sprintf)
c:/st/stm32cubeide_1.10.1/stm32cubeide/plugins/com.st.stm32cube.ide.mcu.externaltools.gnu-tools-for-stm32.10.3-2021.10.win32_1.0.200.202301161003/tools/bin/../lib/gcc/arm-none-eabi/10.3.1/../../../../arm-none-eabi/lib/thumb/v7e-m+fp/hard\libc_nano.a(lib_a-sscanf.o)
                              ./Core/Src/esp_webserver_uart_ring_buffer_motor.o (sscanf)
c:/st/stm32cubeide_1.10.1/stm32cubeide/plugins/com.st.stm32cube.ide.mcu.externaltools.gnu-tools-for-stm32.10.3-2021.10.win32_1.0.200.202301161003/tools/bin/../lib/gcc/arm-none-eabi/10.3.1/../../../../arm-none-eabi/lib/thumb/v7e-m+fp/hard\libc_nano.a(lib_a-stdio.o)
                              c:/st/stm32cubeide_1.10.1/stm32cubeide/plugins/com.st.stm32cube.ide.mcu.externaltools.gnu-tools-for-stm32.10.3-2021.10.win32_1.0.200.202301161003/tools/bin/../lib/gcc/arm-none-eabi/10.3.1/../../../../arm-none-eabi/lib/thumb/v7e-m+fp/hard\libc_nano.a(lib_a-sscanf.o) (__seofread)
[...]
Memory Configuration

Name             Origin             Length             Attributes
CCMRAM           0x0000000010000000 0x0000000000004000 xrw
RAM              0x0000000020000000 0x0000000000010000 xrw
FLASH            0x0000000008000000 0x0000000000080000 xr
*default*        0x0000000000000000 0xffffffffffffffff

Linker script and memory map

LOAD c:/st/stm32cubeide_1.10.1/stm32cubeide/plugins/com.st.stm32cube.ide.mcu.externaltools.gnu-tools-for-stm32.10.3-2021.10.win32_1.0.200.202301161003/tools/bin/../lib/gcc/arm-none-eabi/10.3.1/thumb/v7e-m+fp/hard/crti.o
LOAD c:/st/stm32cubeide_1.10.1/stm32cubeide/plugins/com.st.stm32cube.ide.mcu.externaltools.gnu-tools-for-stm32.10.3-2021.10.win32_1.0.200.202301161003/tools/bin/../lib/gcc/arm-none-eabi/10.3.1/thumb/v7e-m+fp/hard/crtbegin.o
LOAD c:/st/stm32cubeide_1.10.1/stm32cubeide/plugins/com.st.stm32cube.ide.mcu.externaltools.gnu-tools-for-stm32.10.3-2021.10.win32_1.0.200.202301161003/tools/bin/../lib/gcc/arm-none-eabi/10.3.1/../../../../arm-none-eabi/lib/thumb/v7e-m+fp/hard/crt0.o
LOAD ./Core/Src/esp_webserver_uart_ring_buffer.o
LOAD ./Core/Src/esp_webserver_uart_ring_buffer_motor.o
LOAD ./Core/Src/esp_webserver_uart_ring_buffer_pixy.o
LOAD ./Core/Src/esp_webserver_uart_ring_buffer_pixy_callback.o
LOAD ./Core/Src/esp_webserver_uart_ring_buffer_pixy_html.o
LOAD ./Core/Src/esp_webserver_uart_ring_buffer_pixy_state_init.o
LOAD ./Core/Src/liquidcrystal_i2c.o
LOAD ./Core/Src/main.o
LOAD ./Core/Src/stm32f3xx_hal_msp.o
LOAD ./Core/Src/stm32f3xx_it.o
LOAD ./Core/Src/syscalls.o
LOAD ./Core/Src/sysmem.o
LOAD ./Core/Src/system_stm32f3xx.o
LOAD ./Core/Startup/startup_stm32f303retx.o
LOAD ./Drivers/STM32F3xx_HAL_Driver/Src/stm32f3xx_hal.o
LOAD ./Drivers/STM32F3xx_HAL_Driver/Src/stm32f3xx_hal_cortex.o
LOAD ./Drivers/STM32F3xx_HAL_Driver/Src/stm32f3xx_hal_dma.o
LOAD ./Drivers/STM32F3xx_HAL_Driver/Src/stm32f3xx_hal_exti.o
LOAD ./Drivers/STM32F3xx_HAL_Driver/Src/stm32f3xx_hal_flash.o
LOAD ./Drivers/STM32F3xx_HAL_Driver/Src/stm32f3xx_hal_flash_ex.o
LOAD ./Drivers/STM32F3xx_HAL_Driver/Src/stm32f3xx_hal_gpio.o
LOAD ./Drivers/STM32F3xx_HAL_Driver/Src/stm32f3xx_hal_i2c.o
LOAD ./Drivers/STM32F3xx_HAL_Driver/Src/stm32f3xx_hal_i2c_ex.o
LOAD ./Drivers/STM32F3xx_HAL_Driver/Src/stm32f3xx_hal_pwr.o
LOAD ./Drivers/STM32F3xx_HAL_Driver/Src/stm32f3xx_hal_pwr_ex.o
LOAD ./Drivers/STM32F3xx_HAL_Driver/Src/stm32f3xx_hal_rcc.o
LOAD ./Drivers/STM32F3xx_HAL_Driver/Src/stm32f3xx_hal_rcc_ex.o
LOAD ./Drivers/STM32F3xx_HAL_Driver/Src/stm32f3xx_hal_spi.o
LOAD ./Drivers/STM32F3xx_HAL_Driver/Src/stm32f3xx_hal_spi_ex.o
LOAD ./Drivers/STM32F3xx_HAL_Driver/Src/stm32f3xx_hal_tim.o
LOAD ./Drivers/STM32F3xx_HAL_Driver/Src/stm32f3xx_hal_tim_ex.o
LOAD ./Drivers/STM32F3xx_HAL_Driver/Src/stm32f3xx_hal_uart.o
LOAD ./Drivers/STM32F3xx_HAL_Driver/Src/stm32f3xx_hal_uart_ex.o
START GROUP
LOAD c:/st/stm32cubeide_1.10.1/stm32cubeide/plugins/com.st.stm32cube.ide.mcu.externaltools.gnu-tools-for-stm32.10.3-2021.10.win32_1.0.200.202301161003/tools/bin/../lib/gcc/arm-none-eabi/10.3.1/../../../../arm-none-eabi/lib/thumb/v7e-m+fp/hard\libc_nano.a
LOAD c:/st/stm32cubeide_1.10.1/stm32cubeide/plugins/com.st.stm32cube.ide.mcu.externaltools.gnu-tools-for-stm32.10.3-2021.10.win32_1.0.200.202301161003/tools/bin/../lib/gcc/arm-none-eabi/10.3.1/../../../../arm-none-eabi/lib/thumb/v7e-m+fp/hard\libm.a
END GROUP
START GROUP
LOAD c:/st/stm32cubeide_1.10.1/stm32cubeide/plugins/com.st.stm32cube.ide.mcu.externaltools.gnu-tools-for-stm32.10.3-2021.10.win32_1.0.200.202301161003/tools/bin/../lib/gcc/arm-none-eabi/10.3.1/thumb/v7e-m+fp/hard\libgcc.a
LOAD c:/st/stm32cubeide_1.10.1/stm32cubeide/plugins/com.st.stm32cube.ide.mcu.externaltools.gnu-tools-for-stm32.10.3-2021.10.win32_1.0.200.202301161003/tools/bin/../lib/gcc/arm-none-eabi/10.3.1/../../../../arm-none-eabi/lib/thumb/v7e-m+fp/hard\libc_nano.a
END GROUP
START GROUP
LOAD c:/st/stm32cubeide_1.10.1/stm32cubeide/plugins/com.st.stm32cube.ide.mcu.externaltools.gnu-tools-for-stm32.10.3-2021.10.win32_1.0.200.202301161003/tools/bin/../lib/gcc/arm-none-eabi/10.3.1/thumb/v7e-m+fp/hard\libgcc.a
LOAD c:/st/stm32cubeide_1.10.1/stm32cubeide/plugins/com.st.stm32cube.ide.mcu.externaltools.gnu-tools-for-stm32.10.3-2021.10.win32_1.0.200.202301161003/tools/bin/../lib/gcc/arm-none-eabi/10.3.1/../../../../arm-none-eabi/lib/thumb/v7e-m+fp/hard\libc_nano.a
LOAD c:/st/stm32cubeide_1.10.1/stm32cubeide/plugins/com.st.stm32cube.ide.mcu.externaltools.gnu-tools-for-stm32.10.3-2021.10.win32_1.0.200.202301161003/tools/bin/../lib/gcc/arm-none-eabi/10.3.1/../../../../arm-none-eabi/lib/thumb/v7e-m+fp/hard\libnosys.a
END GROUP
START GROUP
LOAD c:/st/stm32cubeide_1.10.1/stm32cubeide/plugins/com.st.stm32cube.ide.mcu.externaltools.gnu-tools-for-stm32.10.3-2021.10.win32_1.0.200.202301161003/tools/bin/../lib/gcc/arm-none-eabi/10.3.1/thumb/v7e-m+fp/hard\libgcc.a
LOAD c:/st/stm32cubeide_1.10.1/stm32cubeide/plugins/com.st.stm32cube.ide.mcu.externaltools.gnu-tools-for-stm32.10.3-2021.10.win32_1.0.200.202301161003/tools/bin/../lib/gcc/arm-none-eabi/10.3.1/../../../../arm-none-eabi/lib/thumb/v7e-m+fp/hard\libc_nano.a
LOAD c:/st/stm32cubeide_1.10.1/stm32cubeide/plugins/com.st.stm32cube.ide.mcu.externaltools.gnu-tools-for-stm32.10.3-2021.10.win32_1.0.200.202301161003/tools/bin/../lib/gcc/arm-none-eabi/10.3.1/../../../../arm-none-eabi/lib/thumb/v7e-m+fp/hard\libnosys.a
END GROUP
LOAD c:/st/stm32cubeide_1.10.1/stm32cubeide/plugins/com.st.stm32cube.ide.mcu.externaltools.gnu-tools-for-stm32.10.3-2021.10.win32_1.0.200.202301161003/tools/bin/../lib/gcc/arm-none-eabi/10.3.1/thumb/v7e-m+fp/hard/crtend.o
LOAD c:/st/stm32cubeide_1.10.1/stm32cubeide/plugins/com.st.stm32cube.ide.mcu.externaltools.gnu-tools-for-stm32.10.3-2021.10.win32_1.0.200.202301161003/tools/bin/../lib/gcc/arm-none-eabi/10.3.1/thumb/v7e-m+fp/hard/crtn.o
                0x0000000020010000                _estack = (ORIGIN (RAM) + LENGTH (RAM))
                0x0000000000000200                _Min_Heap_Size = 0x200
                0x0000000000000400                _Min_Stack_Size = 0x400

.isr_vector     0x0000000008000000      0x194
                0x0000000008000000                . = ALIGN (0x4)
 *(.isr_vector)
 .isr_vector    0x0000000008000000      0x194 ./Core/Startup/startup_stm32f303retx.o
                0x0000000008000000                g_pfnVectors
                0x0000000008000194                . = ALIGN (0x4)

.text           0x00000000080001a0     0xcd3c
                0x00000000080001a0                . = ALIGN (0x4)
 *(.text)
 .text          0x00000000080001a0       0x40 c:/st/stm32cubeide_1.10.1/stm32cubeide/plugins/com.st.stm32cube.ide.mcu.externaltools.gnu-tools-for-stm32.10.3-2021.10.win32_1.0.200.202301161003/tools/bin/../lib/gcc/arm-none-eabi/10.3.1/thumb/v7e-m+fp/hard/crtbegin.o
 .text          0x00000000080001e0       0x14 c:/st/stm32cubeide_1.10.1/stm32cubeide/plugins/com.st.stm32cube.ide.mcu.externaltools.gnu-tools-for-stm32.10.3-2021.10.win32_1.0.200.202301161003/tools/bin/../lib/gcc/arm-none-eabi/10.3.1/../../../../arm-none-eabi/lib/thumb/v7e-m+fp/hard\libc_nano.a(lib_a-strcmp.o)
                0x00000000080001e0                strcmp
 .text          0x00000000080001f4       0x10 c:/st/stm32cubeide_1.10.1/stm32cubeide/plugins/com.st.stm32cube.ide.mcu.externaltools.gnu-tools-for-stm32.10.3-2021.10.win32_1.0.200.202301161003/tools/bin/../lib/gcc/arm-none-eabi/10.3.1/../../../../arm-none-eabi/lib/thumb/v7e-m+fp/hard\libc_nano.a(lib_a-strlen.o)
                0x00000000080001f4                strlen
 *fill*         0x0000000008000204        0xc 
 .text          0x0000000008000210       0xa0 c:/st/stm32cubeide_1.10.1/stm32cubeide/plugins/com.st.stm32cube.ide.mcu.externaltools.gnu-tools-for-stm32.10.3-2021.10.win32_1.0.200.202301161003/tools/bin/../lib/gcc/arm-none-eabi/10.3.1/../../../../arm-none-eabi/lib/thumb/v7e-m+fp/hard\libc_nano.a(lib_a-memchr.o)
                0x0000000008000210                memchr
 .text          0x00000000080002b0      0x378 c:/st/stm32cubeide_1.10.1/stm32cubeide/plugins/com.st.stm32cube.ide.mcu.externaltools.gnu-tools-for-stm32.10.3-2021.10.win32_1.0.200.202301161003/tools/bin/../lib/gcc/arm-none-eabi/10.3.1/thumb/v7e-m+fp/hard\libgcc.a(_arm_addsubdf3.o)
                0x00000000080002b0                __aeabi_drsub
                0x00000000080002b8                __aeabi_dsub
                0x00000000080002b8                __subdf3
                0x00000000080002bc                __aeabi_dadd
                0x00000000080002bc                __adddf3
                0x0000000008000534                __floatunsidf
                0x0000000008000534                __aeabi_ui2d
                0x0000000008000554                __floatsidf
                0x0000000008000554                __aeabi_i2d
                0x0000000008000578                __aeabi_f2d
                0x0000000008000578                __extendsfdf2
                0x00000000080005bc                __floatundidf
                0x00000000080005bc                __aeabi_ul2d
                0x00000000080005cc                __floatdidf
                0x00000000080005cc                __aeabi_l2d
 .text          0x0000000008000628      0x424 c:/st/stm32cubeide_1.10.1/stm32cubeide/plugins/com.st.stm32cube.ide.mcu.externaltools.gnu-tools-for-stm32.10.3-2021.10.win32_1.0.200.202301161003/tools/bin/../lib/gcc/arm-none-eabi/10.3.1/thumb/v7e-m+fp/hard\libgcc.a(_arm_muldivdf3.o)
                0x0000000008000628                __aeabi_dmul
                0x0000000008000628                __muldf3
                0x000000000800087c                __divdf3
                0x000000000800087c                __aeabi_ddiv
 .text          0x0000000008000a4c       0x50 c:/st/stm32cubeide_1.10.1/stm32cubeide/plugins/com.st.stm32cube.ide.mcu.externaltools.gnu-tools-for-stm32.10.3-2021.10.win32_1.0.200.202301161003/tools/bin/../lib/gcc/arm-none-eabi/10.3.1/thumb/v7e-m+fp/hard\libgcc.a(_arm_fixdfsi.o)
                0x0000000008000a4c                __aeabi_d2iz
                0x0000000008000a4c                __fixdfsi
 .text          0x0000000008000a9c       0x40 c:/st/stm32cubeide_1.10.1/stm32cubeide/plugins/com.st.stm32cube.ide.mcu.externaltools.gnu-tools-for-stm32.10.3-2021.10.win32_1.0.200.202301161003/tools/bin/../lib/gcc/arm-none-eabi/10.3.1/thumb/v7e-m+fp/hard\libgcc.a(_arm_fixunsdfsi.o)
                0x0000000008000a9c                __aeabi_d2uiz
                0x0000000008000a9c                __fixunsdfsi
 *(.text*)
 .text.ClearAllData
                0x0000000008000adc       0xa4 ./Core/Src/esp_webserver_uart_ring_buffer.o
                0x0000000008000adc                ClearAllData
 .text.StartReceiver
                0x0000000008000b80       0x9c ./Core/Src/esp_webserver_uart_ring_buffer.o
                0x0000000008000b80                StartReceiver
 .text.Transmit
                0x0000000008000c1c      0x138 ./Core/Src/esp_webserver_uart_ring_buffer.o
                0x0000000008000c1c                Transmit
 .text.TransmitESP
                0x0000000008000d54       0x8c ./Core/Src/esp_webserver_uart_ring_buffer.o
                0x0000000008000d54                TransmitESP
 .text.TransmitMOT
                0x0000000008000de0       0x94 ./Core/Src/esp_webserver_uart_ring_buffer.o
                0x0000000008000de0                TransmitMOT
 .text.RecordIntoCirc
                0x0000000008000e74      0x2b0 ./Core/Src/esp_webserver_uart_ring_buffer.o
                0x0000000008000e74                RecordIntoCirc
 .text.PrintError
                0x0000000008001124      0x12c ./Core/Src/esp_webserver_uart_ring_buffer.o
                0x0000000008001124                PrintError
 .text.MotorRequestHandle
                0x0000000008001250      0x3ec ./Core/Src/esp_webserver_uart_ring_buffer_motor.o
                0x0000000008001250                MotorRequestHandle
 *fill*         0x000000000800163c        0x4 
 .text.VCW      0x0000000008001640      0x134 ./Core/Src/esp_webserver_uart_ring_buffer_motor.o
                0x0000000008001640                VCW
 .text.PID      0x0000000008001774      0x128 ./Core/Src/esp_webserver_uart_ring_buffer_motor.o
                0x0000000008001774                PID
 .text.WordSearch
                0x000000000800189c      0x2ac ./Core/Src/esp_webserver_uart_ring_buffer_pixy.o
                0x000000000800189c                WordSearch
 .text.AFC1Search
                0x0000000008001b48       0xfc ./Core/Src/esp_webserver_uart_ring_buffer_pixy.o
                0x0000000008001b48                AFC1Search
 .text.findFeature
                0x0000000008001c44      0x168 ./Core/Src/esp_webserver_uart_ring_buffer_pixy.o
                0x0000000008001c44                findFeature
 .text.printLCD
                0x0000000008001dac       0x5c ./Core/Src/esp_webserver_uart_ring_buffer_pixy.o
                0x0000000008001dac                printLCD
 .text.HAL_SPI_TxRxCpltCallback
                0x0000000008001e08       0x2c ./Core/Src/esp_webserver_uart_ring_buffer_pixy_callback.o
                0x0000000008001e08                HAL_SPI_TxRxCpltCallback
 .text.HAL_SPI_TxCpltCallback
                0x0000000008001e34       0x34 ./Core/Src/esp_webserver_uart_ring_buffer_pixy_callback.o
                0x0000000008001e34                HAL_SPI_TxCpltCallback
 .text.HAL_SPI_RxCpltCallback
                0x0000000008001e68       0x2c ./Core/Src/esp_webserver_uart_ring_buffer_pixy_callback.o
                0x0000000008001e68                HAL_SPI_RxCpltCallback
 .text.HAL_UART_TxCpltCallback
                0x0000000008001e94       0x54 ./Core/Src/esp_webserver_uart_ring_buffer_pixy_callback.o
                0x0000000008001e94                HAL_UART_TxCpltCallback
 .text.HAL_UARTEx_RxEventCallback
                0x0000000008001ee8       0xac ./Core/Src/esp_webserver_uart_ring_buffer_pixy_callback.o
                0x0000000008001ee8                HAL_UARTEx_RxEventCallback
 .text.HAL_UART_ErrorCallback
                0x0000000008001f94       0x58 ./Core/Src/esp_webserver_uart_ring_buffer_pixy_callback.o
                0x0000000008001f94                HAL_UART_ErrorCallback
 .text.Auto_Init
                0x0000000008001fec      0x368 ./Core/Src/esp_webserver_uart_ring_buffer_pixy_html.o
                0x0000000008001fec                Auto_Init
 .text.RequestHandle
                0x0000000008002354      0x304 ./Core/Src/esp_webserver_uart_ring_buffer_pixy_html.o
                0x0000000008002354                RequestHandle
 .text.ToggleLED
                0x0000000008002658       0xbc ./Core/Src/esp_webserver_uart_ring_buffer_pixy_html.o
                0x0000000008002658                ToggleLED
 .text.Uart_Init
                0x0000000008002714      0x13c ./Core/Src/esp_webserver_uart_ring_buffer_pixy_state_init.o
                0x0000000008002714                Uart_Init
 .text.Flag_Init
                0x0000000008002850       0x3c ./Core/Src/esp_webserver_uart_ring_buffer_pixy_state_init.o
                0x0000000008002850                Flag_Init
 .text.Pixy_Init
                0x000000000800288c       0x98 ./Core/Src/esp_webserver_uart_ring_buffer_pixy_state_init.o
                0x000000000800288c                Pixy_Init
 .text.Motor_Init
                0x0000000008002924       0x20 ./Core/Src/esp_webserver_uart_ring_buffer_pixy_state_init.o
                0x0000000008002924                Motor_Init
 .text.String_Init
                0x0000000008002944      0x128 ./Core/Src/esp_webserver_uart_ring_buffer_pixy_state_init.o
                0x0000000008002944                String_Init
 .text.HD44780_Init
                0x0000000008002a6c      0x108 ./Core/Src/liquidcrystal_i2c.o
                0x0000000008002a6c                HD44780_Init
 .text.HD44780_Clear
                0x0000000008002b74       0x16 ./Core/Src/liquidcrystal_i2c.o
                0x0000000008002b74                HD44780_Clear
 .text.HD44780_Home
                0x0000000008002b8a       0x16 ./Core/Src/liquidcrystal_i2c.o
                0x0000000008002b8a                HD44780_Home
 .text.HD44780_SetCursor
                0x0000000008002ba0       0x64 ./Core/Src/liquidcrystal_i2c.o
                0x0000000008002ba0                HD44780_SetCursor
 .text.HD44780_Display
                0x0000000008002c04       0x2c ./Core/Src/liquidcrystal_i2c.o
                0x0000000008002c04                HD44780_Display
 .text.HD44780_CreateSpecialChar
                0x0000000008002c30       0x52 ./Core/Src/liquidcrystal_i2c.o
                0x0000000008002c30                HD44780_CreateSpecialChar
 .text.HD44780_PrintStr
                0x0000000008002c82       0x2a ./Core/Src/liquidcrystal_i2c.o
                0x0000000008002c82                HD44780_PrintStr
 .text.SendCommand
                0x0000000008002cac       0x1c ./Core/Src/liquidcrystal_i2c.o
 .text.SendChar
                0x0000000008002cc8       0x1c ./Core/Src/liquidcrystal_i2c.o
 .text.Send     0x0000000008002ce4       0x42 ./Core/Src/liquidcrystal_i2c.o
 .text.Write4Bits
                0x0000000008002d26       0x22 ./Core/Src/liquidcrystal_i2c.o
 .text.ExpanderWrite
                0x0000000008002d48       0x38 ./Core/Src/liquidcrystal_i2c.o
 .text.PulseEnable
                0x0000000008002d80       0x3a ./Core/Src/liquidcrystal_i2c.o
 *fill*         0x0000000008002dba        0x2 
 .text.DelayInit
                0x0000000008002dbc       0x54 ./Core/Src/liquidcrystal_i2c.o
 .text.DelayUS  0x0000000008002e10       0x50 ./Core/Src/liquidcrystal_i2c.o
 .text.ITM_SendChar
                0x0000000008002e60       0x4e ./Core/Src/main.o
 .text._write   0x0000000008002eae       0x38 ./Core/Src/main.o
                0x0000000008002eae                _write
 *fill*         0x0000000008002ee6        0x2 
 .text.HAL_GPIO_EXTI_Callback
                0x0000000008002ee8       0xf8 ./Core/Src/main.o
                0x0000000008002ee8                HAL_GPIO_EXTI_Callback
 .text.GetExpiryValTick
                0x0000000008002fe0       0x3c ./Core/Src/main.o
                0x0000000008002fe0                GetExpiryValTick
 .text.main     0x000000000800301c      0x878 ./Core/Src/main.o
                0x000000000800301c                main
 .text.SystemClock_Config
                0x0000000008003894       0xd4 ./Core/Src/main.o
                0x0000000008003894                SystemClock_Config
 .text.MX_I2C1_Init
                0x0000000008003968       0x80 ./Core/Src/main.o
 .text.MX_SPI2_Init
                0x00000000080039e8       0x7c ./Core/Src/main.o
 .text.MX_TIM3_Init
                0x0000000008003a64      0x128 ./Core/Src/main.o
 .text.MX_USART1_UART_Init
                0x0000000008003b8c       0x60 ./Core/Src/main.o
 .text.MX_USART2_UART_Init
                0x0000000008003bec       0x60 ./Core/Src/main.o
 .text.MX_DMA_Init
                0x0000000008003c4c       0x6c ./Core/Src/main.o
 .text.MX_GPIO_Init
                0x0000000008003cb8      0x150 ./Core/Src/main.o
 .text.Error_Handler
                0x0000000008003e08        0xa ./Core/Src/main.o
                0x0000000008003e08                Error_Handler
 *fill*         0x0000000008003e12        0x2 
 .text.HAL_MspInit
                0x0000000008003e14       0x48 ./Core/Src/stm32f3xx_hal_msp.o
                0x0000000008003e14                HAL_MspInit
 .text.HAL_I2C_MspInit
                0x0000000008003e5c       0x88 ./Core/Src/stm32f3xx_hal_msp.o
                0x0000000008003e5c                HAL_I2C_MspInit
 .text.HAL_SPI_MspInit
                0x0000000008003ee4       0x98 ./Core/Src/stm32f3xx_hal_msp.o
                0x0000000008003ee4                HAL_SPI_MspInit
 .text.HAL_TIM_Base_MspInit
                0x0000000008003f7c       0x40 ./Core/Src/stm32f3xx_hal_msp.o
                0x0000000008003f7c                HAL_TIM_Base_MspInit
 .text.HAL_TIM_MspPostInit
                0x0000000008003fbc       0x70 ./Core/Src/stm32f3xx_hal_msp.o
                0x0000000008003fbc                HAL_TIM_MspPostInit
 .text.HAL_UART_MspInit
                0x000000000800402c      0x258 ./Core/Src/stm32f3xx_hal_msp.o
                0x000000000800402c                HAL_UART_MspInit
 .text.NMI_Handler
                0x0000000008004284        0x6 ./Core/Src/stm32f3xx_it.o
                0x0000000008004284                NMI_Handler
 .text.HardFault_Handler
                0x000000000800428a        0x6 ./Core/Src/stm32f3xx_it.o
                0x000000000800428a                HardFault_Handler
 .text.MemManage_Handler
                0x0000000008004290        0x6 ./Core/Src/stm32f3xx_it.o
                0x0000000008004290                MemManage_Handler
 .text.BusFault_Handler
                0x0000000008004296        0x6 ./Core/Src/stm32f3xx_it.o
                0x0000000008004296                BusFault_Handler
 .text.UsageFault_Handler
                0x000000000800429c        0x6 ./Core/Src/stm32f3xx_it.o
                0x000000000800429c                UsageFault_Handler
 .text.SVC_Handler
                0x00000000080042a2        0xe ./Core/Src/stm32f3xx_it.o
                0x00000000080042a2                SVC_Handler
 .text.DebugMon_Handler
                0x00000000080042b0        0xe ./Core/Src/stm32f3xx_it.o
                0x00000000080042b0                DebugMon_Handler
 .text.PendSV_Handler
                0x00000000080042be        0xe ./Core/Src/stm32f3xx_it.o
                0x00000000080042be                PendSV_Handler
 .text.SysTick_Handler
                0x00000000080042cc        0xc ./Core/Src/stm32f3xx_it.o
                0x00000000080042cc                SysTick_Handler
 .text.EXTI0_IRQHandler
                0x00000000080042d8        0xe ./Core/Src/stm32f3xx_it.o
                0x00000000080042d8                EXTI0_IRQHandler
 .text.EXTI1_IRQHandler
                0x00000000080042e6        0xe ./Core/Src/stm32f3xx_it.o
                0x00000000080042e6                EXTI1_IRQHandler
 .text.DMA1_Channel4_IRQHandler
                0x00000000080042f4       0x14 ./Core/Src/stm32f3xx_it.o
                0x00000000080042f4                DMA1_Channel4_IRQHandler
 .text.DMA1_Channel5_IRQHandler
                0x0000000008004308       0x14 ./Core/Src/stm32f3xx_it.o
                0x0000000008004308                DMA1_Channel5_IRQHandler
 .text.DMA1_Channel6_IRQHandler
                0x000000000800431c       0x14 ./Core/Src/stm32f3xx_it.o
                0x000000000800431c                DMA1_Channel6_IRQHandler
 .text.DMA1_Channel7_IRQHandler
                0x0000000008004330       0x14 ./Core/Src/stm32f3xx_it.o
                0x0000000008004330                DMA1_Channel7_IRQHandler
 .text.SPI2_IRQHandler
                0x0000000008004344       0x14 ./Core/Src/stm32f3xx_it.o
                0x0000000008004344                SPI2_IRQHandler
 .text.USART1_IRQHandler
                0x0000000008004358       0x14 ./Core/Src/stm32f3xx_it.o
                0x0000000008004358                USART1_IRQHandler
 .text.USART2_IRQHandler
                0x000000000800436c       0x14 ./Core/Src/stm32f3xx_it.o
                0x000000000800436c                USART2_IRQHandler
 .text.EXTI15_10_IRQHandler
                0x0000000008004380       0x10 ./Core/Src/stm32f3xx_it.o
                0x0000000008004380                EXTI15_10_IRQHandler
 .text._read    0x0000000008004390       0x3a ./Core/Src/syscalls.o
                0x0000000008004390                _read
 .text._close   0x00000000080043ca       0x18 ./Core/Src/syscalls.o
                0x00000000080043ca                _close
 .text._fstat   0x00000000080043e2       0x20 ./Core/Src/syscalls.o
                0x00000000080043e2                _fstat
 .text._isatty  0x0000000008004402       0x16 ./Core/Src/syscalls.o
                0x0000000008004402                _isatty
 .text._lseek   0x0000000008004418       0x1a ./Core/Src/syscalls.o
                0x0000000008004418                _lseek
 *fill*         0x0000000008004432        0x2 
 .text._sbrk    0x0000000008004434       0x6c ./Core/Src/sysmem.o
                0x0000000008004434                _sbrk
 .text.SystemInit
                0x00000000080044a0       0x24 ./Core/Src/system_stm32f3xx.o
                0x00000000080044a0                SystemInit
 .text.Reset_Handler
                0x00000000080044c4       0x50 ./Core/Startup/startup_stm32f303retx.o
                0x00000000080044c4                Reset_Handler
 .text.Default_Handler
                0x0000000008004514        0x2 ./Core/Startup/startup_stm32f303retx.o
                0x0000000008004514                RTC_Alarm_IRQHandler
                0x0000000008004514                TIM8_TRG_COM_IRQHandler
                0x0000000008004514                TIM8_CC_IRQHandler
                0x0000000008004514                SPI4_IRQHandler
                0x0000000008004514                TIM1_CC_IRQHandler
                0x0000000008004514                USB_HP_IRQHandler
                0x0000000008004514                PVD_IRQHandler
                0x0000000008004514                TAMP_STAMP_IRQHandler
                0x0000000008004514                EXTI3_IRQHandler
                0x0000000008004514                I2C3_ER_IRQHandler
                0x0000000008004514                USB_HP_CAN_TX_IRQHandler
                0x0000000008004514                I2C2_EV_IRQHandler
                0x0000000008004514                FPU_IRQHandler
                0x0000000008004514                TIM1_UP_TIM16_IRQHandler
                0x0000000008004514                ADC1_2_IRQHandler
                0x0000000008004514                SPI1_IRQHandler
                0x0000000008004514                CAN_SCE_IRQHandler
                0x0000000008004514                TIM6_DAC_IRQHandler
                0x0000000008004514                TIM8_UP_IRQHandler
                0x0000000008004514                DMA2_Channel2_IRQHandler
                0x0000000008004514                TIM20_TRG_COM_IRQHandler
                0x0000000008004514                USART3_IRQHandler
                0x0000000008004514                UART5_IRQHandler
                0x0000000008004514                ADC3_IRQHandler
                0x0000000008004514                TIM4_IRQHandler
                0x0000000008004514                CAN_RX1_IRQHandler
                0x0000000008004514                DMA2_Channel1_IRQHandler
                0x0000000008004514                I2C1_EV_IRQHandler
                0x0000000008004514                UART4_IRQHandler
                0x0000000008004514                DMA2_Channel4_IRQHandler
                0x0000000008004514                TIM3_IRQHandler
                0x0000000008004514                RCC_IRQHandler
                0x0000000008004514                TIM20_UP_IRQHandler
                0x0000000008004514                DMA1_Channel1_IRQHandler
                0x0000000008004514                Default_Handler
                0x0000000008004514                USBWakeUp_RMP_IRQHandler
                0x0000000008004514                TIM7_IRQHandler
                0x0000000008004514                I2C3_EV_IRQHandler
                0x0000000008004514                EXTI9_5_IRQHandler
                0x0000000008004514                RTC_WKUP_IRQHandler
                0x0000000008004514                USB_LP_CAN_RX0_IRQHandler
                0x0000000008004514                DMA2_Channel5_IRQHandler
                0x0000000008004514                USB_LP_IRQHandler
                0x0000000008004514                EXTI4_IRQHandler
                0x0000000008004514                TIM1_TRG_COM_TIM17_IRQHandler
                0x0000000008004514                DMA1_Channel3_IRQHandler
                0x0000000008004514                ADC4_IRQHandler
                0x0000000008004514                WWDG_IRQHandler
                0x0000000008004514                TIM2_IRQHandler
                0x0000000008004514                COMP7_IRQHandler
                0x0000000008004514                COMP1_2_3_IRQHandler
                0x0000000008004514                COMP4_5_6_IRQHandler
                0x0000000008004514                TIM20_BRK_IRQHandler
                0x0000000008004514                I2C2_ER_IRQHandler
                0x0000000008004514                DMA1_Channel2_IRQHandler
                0x0000000008004514                TIM8_BRK_IRQHandler
                0x0000000008004514                FLASH_IRQHandler
                0x0000000008004514                TIM20_CC_IRQHandler
                0x0000000008004514                SPI3_IRQHandler
                0x0000000008004514                I2C1_ER_IRQHandler
                0x0000000008004514                FMC_IRQHandler
                0x0000000008004514                USBWakeUp_IRQHandler
                0x0000000008004514                DMA2_Channel3_IRQHandler
                0x0000000008004514                EXTI2_TSC_IRQHandler
                0x0000000008004514                TIM1_BRK_TIM15_IRQHandler
 *fill*         0x0000000008004516        0x2 
 .text.HAL_Init
                0x0000000008004518       0x2c ./Drivers/STM32F3xx_HAL_Driver/Src/stm32f3xx_hal.o
                0x0000000008004518                HAL_Init
 .text.HAL_InitTick
                0x0000000008004544       0x60 ./Drivers/STM32F3xx_HAL_Driver/Src/stm32f3xx_hal.o
                0x0000000008004544                HAL_InitTick
 .text.HAL_IncTick
                0x00000000080045a4       0x28 ./Drivers/STM32F3xx_HAL_Driver/Src/stm32f3xx_hal.o
                0x00000000080045a4                HAL_IncTick
 .text.HAL_GetTick
                0x00000000080045cc       0x18 ./Drivers/STM32F3xx_HAL_Driver/Src/stm32f3xx_hal.o
                0x00000000080045cc                HAL_GetTick
 .text.HAL_Delay
                0x00000000080045e4       0x48 ./Drivers/STM32F3xx_HAL_Driver/Src/stm32f3xx_hal.o
                0x00000000080045e4                HAL_Delay
 .text.__NVIC_SetPriorityGrouping
                0x000000000800462c       0x48 ./Drivers/STM32F3xx_HAL_Driver/Src/stm32f3xx_hal_cortex.o
 .text.__NVIC_GetPriorityGrouping
                0x0000000008004674       0x1c ./Drivers/STM32F3xx_HAL_Driver/Src/stm32f3xx_hal_cortex.o
 .text.__NVIC_EnableIRQ
                0x0000000008004690       0x3c ./Drivers/STM32F3xx_HAL_Driver/Src/stm32f3xx_hal_cortex.o
 .text.__NVIC_SetPriority
                0x00000000080046cc       0x54 ./Drivers/STM32F3xx_HAL_Driver/Src/stm32f3xx_hal_cortex.o
 .text.NVIC_EncodePriority
                0x0000000008004720       0x66 ./Drivers/STM32F3xx_HAL_Driver/Src/stm32f3xx_hal_cortex.o
 *fill*         0x0000000008004786        0x2 
 .text.SysTick_Config
                0x0000000008004788       0x44 ./Drivers/STM32F3xx_HAL_Driver/Src/stm32f3xx_hal_cortex.o
 .text.HAL_NVIC_SetPriorityGrouping
                0x00000000080047cc       0x16 ./Drivers/STM32F3xx_HAL_Driver/Src/stm32f3xx_hal_cortex.o
                0x00000000080047cc                HAL_NVIC_SetPriorityGrouping
 .text.HAL_NVIC_SetPriority
                0x00000000080047e2       0x38 ./Drivers/STM32F3xx_HAL_Driver/Src/stm32f3xx_hal_cortex.o
                0x00000000080047e2                HAL_NVIC_SetPriority
 .text.HAL_NVIC_EnableIRQ
                0x000000000800481a       0x1c ./Drivers/STM32F3xx_HAL_Driver/Src/stm32f3xx_hal_cortex.o
                0x000000000800481a                HAL_NVIC_EnableIRQ
 .text.HAL_SYSTICK_Config
                0x0000000008004836       0x18 ./Drivers/STM32F3xx_HAL_Driver/Src/stm32f3xx_hal_cortex.o
                0x0000000008004836                HAL_SYSTICK_Config
 .text.HAL_DMA_Init
                0x000000000800484e       0x8e ./Drivers/STM32F3xx_HAL_Driver/Src/stm32f3xx_hal_dma.o
                0x000000000800484e                HAL_DMA_Init
 .text.HAL_DMA_Start_IT
                0x00000000080048dc       0xbe ./Drivers/STM32F3xx_HAL_Driver/Src/stm32f3xx_hal_dma.o
                0x00000000080048dc                HAL_DMA_Start_IT
 .text.HAL_DMA_Abort
                0x000000000800499a       0x72 ./Drivers/STM32F3xx_HAL_Driver/Src/stm32f3xx_hal_dma.o
                0x000000000800499a                HAL_DMA_Abort
 .text.HAL_DMA_Abort_IT
                0x0000000008004a0c       0x7c ./Drivers/STM32F3xx_HAL_Driver/Src/stm32f3xx_hal_dma.o
                0x0000000008004a0c                HAL_DMA_Abort_IT
 .text.HAL_DMA_IRQHandler
                0x0000000008004a88      0x146 ./Drivers/STM32F3xx_HAL_Driver/Src/stm32f3xx_hal_dma.o
                0x0000000008004a88                HAL_DMA_IRQHandler
 .text.HAL_DMA_GetError
                0x0000000008004bce       0x18 ./Drivers/STM32F3xx_HAL_Driver/Src/stm32f3xx_hal_dma.o
                0x0000000008004bce                HAL_DMA_GetError
 .text.DMA_SetConfig
                0x0000000008004be6       0x5c ./Drivers/STM32F3xx_HAL_Driver/Src/stm32f3xx_hal_dma.o
 *fill*         0x0000000008004c42        0x2 
 .text.DMA_CalcBaseAndBitshift
                0x0000000008004c44       0x78 ./Drivers/STM32F3xx_HAL_Driver/Src/stm32f3xx_hal_dma.o
 .text.HAL_GPIO_Init
                0x0000000008004cbc      0x314 ./Drivers/STM32F3xx_HAL_Driver/Src/stm32f3xx_hal_gpio.o
                0x0000000008004cbc                HAL_GPIO_Init
 .text.HAL_GPIO_ReadPin
                0x0000000008004fd0       0x30 ./Drivers/STM32F3xx_HAL_Driver/Src/stm32f3xx_hal_gpio.o
                0x0000000008004fd0                HAL_GPIO_ReadPin
 .text.HAL_GPIO_WritePin
                0x0000000008005000       0x30 ./Drivers/STM32F3xx_HAL_Driver/Src/stm32f3xx_hal_gpio.o
                0x0000000008005000                HAL_GPIO_WritePin
 .text.HAL_GPIO_TogglePin
                0x0000000008005030       0x34 ./Drivers/STM32F3xx_HAL_Driver/Src/stm32f3xx_hal_gpio.o
                0x0000000008005030                HAL_GPIO_TogglePin
 .text.HAL_GPIO_EXTI_IRQHandler
                0x0000000008005064       0x30 ./Drivers/STM32F3xx_HAL_Driver/Src/stm32f3xx_hal_gpio.o
                0x0000000008005064                HAL_GPIO_EXTI_IRQHandler
 .text.HAL_I2C_Init
                0x0000000008005094      0x11e ./Drivers/STM32F3xx_HAL_Driver/Src/stm32f3xx_hal_i2c.o
                0x0000000008005094                HAL_I2C_Init
 *fill*         0x00000000080051b2        0x2 
 .text.HAL_I2C_Master_Transmit
                0x00000000080051b4      0x1e8 ./Drivers/STM32F3xx_HAL_Driver/Src/stm32f3xx_hal_i2c.o
                0x00000000080051b4                HAL_I2C_Master_Transmit
 .text.I2C_Flush_TXDR
                0x000000000800539c       0x48 ./Drivers/STM32F3xx_HAL_Driver/Src/stm32f3xx_hal_i2c.o
 .text.I2C_WaitOnFlagUntilTimeout
                0x00000000080053e4       0x9e ./Drivers/STM32F3xx_HAL_Driver/Src/stm32f3xx_hal_i2c.o
 .text.I2C_WaitOnTXISFlagUntilTimeout
                0x0000000008005482       0x8e ./Drivers/STM32F3xx_HAL_Driver/Src/stm32f3xx_hal_i2c.o
 .text.I2C_WaitOnSTOPFlagUntilTimeout
                0x0000000008005510       0x86 ./Drivers/STM32F3xx_HAL_Driver/Src/stm32f3xx_hal_i2c.o
 *fill*         0x0000000008005596        0x2 
 .text.I2C_IsErrorOccurred
                0x0000000008005598      0x1c0 ./Drivers/STM32F3xx_HAL_Driver/Src/stm32f3xx_hal_i2c.o
 .text.I2C_TransferConfig
                0x0000000008005758       0x64 ./Drivers/STM32F3xx_HAL_Driver/Src/stm32f3xx_hal_i2c.o
 .text.HAL_I2CEx_ConfigAnalogFilter
                0x00000000080057bc       0x96 ./Drivers/STM32F3xx_HAL_Driver/Src/stm32f3xx_hal_i2c_ex.o
                0x00000000080057bc                HAL_I2CEx_ConfigAnalogFilter
 .text.HAL_I2CEx_ConfigDigitalFilter
                0x0000000008005852       0x98 ./Drivers/STM32F3xx_HAL_Driver/Src/stm32f3xx_hal_i2c_ex.o
                0x0000000008005852                HAL_I2CEx_ConfigDigitalFilter
 *fill*         0x00000000080058ea        0x2 
 .text.HAL_RCC_OscConfig
                0x00000000080058ec     0x10a8 ./Drivers/STM32F3xx_HAL_Driver/Src/stm32f3xx_hal_rcc.o
                0x00000000080058ec                HAL_RCC_OscConfig
 .text.HAL_RCC_ClockConfig
                0x0000000008006994      0x2f8 ./Drivers/STM32F3xx_HAL_Driver/Src/stm32f3xx_hal_rcc.o
                0x0000000008006994                HAL_RCC_ClockConfig
 .text.HAL_RCC_GetSysClockFreq
                0x0000000008006c8c       0xd4 ./Drivers/STM32F3xx_HAL_Driver/Src/stm32f3xx_hal_rcc.o
                0x0000000008006c8c                HAL_RCC_GetSysClockFreq
 .text.HAL_RCC_GetHCLKFreq
                0x0000000008006d60       0x18 ./Drivers/STM32F3xx_HAL_Driver/Src/stm32f3xx_hal_rcc.o
                0x0000000008006d60                HAL_RCC_GetHCLKFreq
 .text.HAL_RCC_GetPCLK1Freq
                0x0000000008006d78       0x44 ./Drivers/STM32F3xx_HAL_Driver/Src/stm32f3xx_hal_rcc.o
                0x0000000008006d78                HAL_RCC_GetPCLK1Freq
 .text.HAL_RCC_GetPCLK2Freq
                0x0000000008006dbc       0x44 ./Drivers/STM32F3xx_HAL_Driver/Src/stm32f3xx_hal_rcc.o
                0x0000000008006dbc                HAL_RCC_GetPCLK2Freq
 .text.HAL_RCCEx_PeriphCLKConfig
                0x0000000008006e00      0x43c ./Drivers/STM32F3xx_HAL_Driver/Src/stm32f3xx_hal_rcc_ex.o
                0x0000000008006e00                HAL_RCCEx_PeriphCLKConfig
 .text.HAL_SPI_Init
                0x000000000800723c      0x156 ./Drivers/STM32F3xx_HAL_Driver/Src/stm32f3xx_hal_spi.o
                0x000000000800723c                HAL_SPI_Init
 *fill*         0x0000000008007392        0x2 
 .text.HAL_SPI_Transmit_IT
                0x0000000008007394      0x11c ./Drivers/STM32F3xx_HAL_Driver/Src/stm32f3xx_hal_spi.o
                0x0000000008007394                HAL_SPI_Transmit_IT
 .text.HAL_SPI_Receive_IT
                0x00000000080074b0      0x160 ./Drivers/STM32F3xx_HAL_Driver/Src/stm32f3xx_hal_spi.o
                0x00000000080074b0                HAL_SPI_Receive_IT
 .text.HAL_SPI_TransmitReceive_IT
                0x0000000008007610      0x160 ./Drivers/STM32F3xx_HAL_Driver/Src/stm32f3xx_hal_spi.o
                0x0000000008007610                HAL_SPI_TransmitReceive_IT
 .text.HAL_SPI_Abort_IT
                0x0000000008007770      0x1f4 ./Drivers/STM32F3xx_HAL_Driver/Src/stm32f3xx_hal_spi.o
                0x0000000008007770                HAL_SPI_Abort_IT
 .text.HAL_SPI_IRQHandler
                0x0000000008007964      0x200 ./Drivers/STM32F3xx_HAL_Driver/Src/stm32f3xx_hal_spi.o
                0x0000000008007964                HAL_SPI_IRQHandler
 .text.HAL_SPI_ErrorCallback
                0x0000000008007b64       0x14 ./Drivers/STM32F3xx_HAL_Driver/Src/stm32f3xx_hal_spi.o
                0x0000000008007b64                HAL_SPI_ErrorCallback
 .text.HAL_SPI_AbortCpltCallback
                0x0000000008007b78       0x14 ./Drivers/STM32F3xx_HAL_Driver/Src/stm32f3xx_hal_spi.o
                0x0000000008007b78                HAL_SPI_AbortCpltCallback
 .text.SPI_DMAAbortOnError
                0x0000000008007b8c       0x2a ./Drivers/STM32F3xx_HAL_Driver/Src/stm32f3xx_hal_spi.o
 .text.SPI_DMATxAbortCallback
                0x0000000008007bb6       0xde ./Drivers/STM32F3xx_HAL_Driver/Src/stm32f3xx_hal_spi.o
 .text.SPI_DMARxAbortCallback
                0x0000000008007c94       0xe2 ./Drivers/STM32F3xx_HAL_Driver/Src/stm32f3xx_hal_spi.o
 .text.SPI_2linesRxISR_8BIT
                0x0000000008007d76       0xbe ./Drivers/STM32F3xx_HAL_Driver/Src/stm32f3xx_hal_spi.o
 .text.SPI_2linesTxISR_8BIT
                0x0000000008007e34       0x92 ./Drivers/STM32F3xx_HAL_Driver/Src/stm32f3xx_hal_spi.o
 .text.SPI_2linesRxISR_16BIT
                0x0000000008007ec6       0x66 ./Drivers/STM32F3xx_HAL_Driver/Src/stm32f3xx_hal_spi.o
 .text.SPI_2linesTxISR_16BIT
                0x0000000008007f2c       0x60 ./Drivers/STM32F3xx_HAL_Driver/Src/stm32f3xx_hal_spi.o
 .text.SPI_RxISR_8BIT
                0x0000000008007f8c       0x50 ./Drivers/STM32F3xx_HAL_Driver/Src/stm32f3xx_hal_spi.o
 .text.SPI_RxISR_16BIT
                0x0000000008007fdc       0x4c ./Drivers/STM32F3xx_HAL_Driver/Src/stm32f3xx_hal_spi.o
 .text.SPI_TxISR_8BIT
                0x0000000008008028       0x46 ./Drivers/STM32F3xx_HAL_Driver/Src/stm32f3xx_hal_spi.o
 .text.SPI_TxISR_16BIT
                0x000000000800806e       0x44 ./Drivers/STM32F3xx_HAL_Driver/Src/stm32f3xx_hal_spi.o
 *fill*         0x00000000080080b2        0x2 
 .text.SPI_WaitFlagStateUntilTimeout
                0x00000000080080b4      0x110 ./Drivers/STM32F3xx_HAL_Driver/Src/stm32f3xx_hal_spi.o
 .text.SPI_WaitFifoStateUntilTimeout
                0x00000000080081c4      0x12c ./Drivers/STM32F3xx_HAL_Driver/Src/stm32f3xx_hal_spi.o
 .text.SPI_EndRxTransaction
                0x00000000080082f0       0xb0 ./Drivers/STM32F3xx_HAL_Driver/Src/stm32f3xx_hal_spi.o
 .text.SPI_EndRxTxTransaction
                0x00000000080083a0       0x8c ./Drivers/STM32F3xx_HAL_Driver/Src/stm32f3xx_hal_spi.o
 .text.SPI_CloseRxTx_ISR
                0x000000000800842c       0x84 ./Drivers/STM32F3xx_HAL_Driver/Src/stm32f3xx_hal_spi.o
 .text.SPI_CloseRx_ISR
                0x00000000080084b0       0x60 ./Drivers/STM32F3xx_HAL_Driver/Src/stm32f3xx_hal_spi.o
 .text.SPI_CloseTx_ISR
                0x0000000008008510       0x7e ./Drivers/STM32F3xx_HAL_Driver/Src/stm32f3xx_hal_spi.o
 *fill*         0x000000000800858e        0x2 
 .text.SPI_AbortRx_ISR
                0x0000000008008590       0xc0 ./Drivers/STM32F3xx_HAL_Driver/Src/stm32f3xx_hal_spi.o
 .text.SPI_AbortTx_ISR
                0x0000000008008650      0x144 ./Drivers/STM32F3xx_HAL_Driver/Src/stm32f3xx_hal_spi.o
 .text.HAL_TIM_Base_Init
                0x0000000008008794       0xae ./Drivers/STM32F3xx_HAL_Driver/Src/stm32f3xx_hal_tim.o
                0x0000000008008794                HAL_TIM_Base_Init
 .text.HAL_TIM_PWM_Init
                0x0000000008008842       0xae ./Drivers/STM32F3xx_HAL_Driver/Src/stm32f3xx_hal_tim.o
                0x0000000008008842                HAL_TIM_PWM_Init
 .text.HAL_TIM_PWM_MspInit
                0x00000000080088f0       0x14 ./Drivers/STM32F3xx_HAL_Driver/Src/stm32f3xx_hal_tim.o
                0x00000000080088f0                HAL_TIM_PWM_MspInit
 .text.HAL_TIM_PWM_Start
                0x0000000008008904      0x218 ./Drivers/STM32F3xx_HAL_Driver/Src/stm32f3xx_hal_tim.o
                0x0000000008008904                HAL_TIM_PWM_Start
 .text.HAL_TIM_PWM_Stop
                0x0000000008008b1c      0x138 ./Drivers/STM32F3xx_HAL_Driver/Src/stm32f3xx_hal_tim.o
                0x0000000008008b1c                HAL_TIM_PWM_Stop
 .text.HAL_TIM_PWM_ConfigChannel
                0x0000000008008c54      0x228 ./Drivers/STM32F3xx_HAL_Driver/Src/stm32f3xx_hal_tim.o
                0x0000000008008c54                HAL_TIM_PWM_ConfigChannel
 .text.HAL_TIM_ConfigClockSource
                0x0000000008008e7c      0x192 ./Drivers/STM32F3xx_HAL_Driver/Src/stm32f3xx_hal_tim.o
                0x0000000008008e7c                HAL_TIM_ConfigClockSource
 *fill*         0x000000000800900e        0x2 
 .text.TIM_Base_SetConfig
                0x0000000008009010      0x13c ./Drivers/STM32F3xx_HAL_Driver/Src/stm32f3xx_hal_tim.o
                0x0000000008009010                TIM_Base_SetConfig
 .text.TIM_OC1_SetConfig
                0x000000000800914c      0x134 ./Drivers/STM32F3xx_HAL_Driver/Src/stm32f3xx_hal_tim.o
 .text.TIM_OC2_SetConfig
                0x0000000008009280      0x128 ./Drivers/STM32F3xx_HAL_Driver/Src/stm32f3xx_hal_tim.o
                0x0000000008009280                TIM_OC2_SetConfig
 .text.TIM_OC3_SetConfig
                0x00000000080093a8      0x124 ./Drivers/STM32F3xx_HAL_Driver/Src/stm32f3xx_hal_tim.o
 .text.TIM_OC4_SetConfig
                0x00000000080094cc       0xe0 ./Drivers/STM32F3xx_HAL_Driver/Src/stm32f3xx_hal_tim.o
 .text.TIM_OC5_SetConfig
                0x00000000080095ac       0xd4 ./Drivers/STM32F3xx_HAL_Driver/Src/stm32f3xx_hal_tim.o
 .text.TIM_OC6_SetConfig
                0x0000000008009680       0xd8 ./Drivers/STM32F3xx_HAL_Driver/Src/stm32f3xx_hal_tim.o
 .text.TIM_TI1_ConfigInputStage
                0x0000000008009758       0x5e ./Drivers/STM32F3xx_HAL_Driver/Src/stm32f3xx_hal_tim.o
 .text.TIM_TI2_ConfigInputStage
                0x00000000080097b6       0x60 ./Drivers/STM32F3xx_HAL_Driver/Src/stm32f3xx_hal_tim.o
 .text.TIM_ITRx_SetConfig
                0x0000000008009816       0x36 ./Drivers/STM32F3xx_HAL_Driver/Src/stm32f3xx_hal_tim.o
 .text.TIM_ETR_SetConfig
                0x000000000800984c       0x40 ./Drivers/STM32F3xx_HAL_Driver/Src/stm32f3xx_hal_tim.o
                0x000000000800984c                TIM_ETR_SetConfig
 .text.TIM_CCxChannelCmd
                0x000000000800988c       0x4a ./Drivers/STM32F3xx_HAL_Driver/Src/stm32f3xx_hal_tim.o
                0x000000000800988c                TIM_CCxChannelCmd
 *fill*         0x00000000080098d6        0x2 
 .text.HAL_TIMEx_MasterConfigSynchronization
                0x00000000080098d8      0x118 ./Drivers/STM32F3xx_HAL_Driver/Src/stm32f3xx_hal_tim_ex.o
                0x00000000080098d8                HAL_TIMEx_MasterConfigSynchronization
 .text.HAL_UART_Init
                0x00000000080099f0       0x9c ./Drivers/STM32F3xx_HAL_Driver/Src/stm32f3xx_hal_uart.o
                0x00000000080099f0                HAL_UART_Init
 .text.HAL_UART_Transmit_DMA
                0x0000000008009a8c       0xf8 ./Drivers/STM32F3xx_HAL_Driver/Src/stm32f3xx_hal_uart.o
                0x0000000008009a8c                HAL_UART_Transmit_DMA
 .text.HAL_UART_AbortTransmit
                0x0000000008009b84       0xd0 ./Drivers/STM32F3xx_HAL_Driver/Src/stm32f3xx_hal_uart.o
                0x0000000008009b84                HAL_UART_AbortTransmit
 .text.HAL_UART_AbortReceive
                0x0000000008009c54      0x15e ./Drivers/STM32F3xx_HAL_Driver/Src/stm32f3xx_hal_uart.o
                0x0000000008009c54                HAL_UART_AbortReceive
 *fill*         0x0000000008009db2        0x2 
 .text.HAL_UART_IRQHandler
                0x0000000008009db4      0x5cc ./Drivers/STM32F3xx_HAL_Driver/Src/stm32f3xx_hal_uart.o
                0x0000000008009db4                HAL_UART_IRQHandler
 .text.HAL_UART_TxHalfCpltCallback
                0x000000000800a380       0x14 ./Drivers/STM32F3xx_HAL_Driver/Src/stm32f3xx_hal_uart.o
                0x000000000800a380                HAL_UART_TxHalfCpltCallback
 .text.HAL_UART_RxCpltCallback
                0x000000000800a394       0x14 ./Drivers/STM32F3xx_HAL_Driver/Src/stm32f3xx_hal_uart.o
                0x000000000800a394                HAL_UART_RxCpltCallback
 .text.HAL_UART_RxHalfCpltCallback
                0x000000000800a3a8       0x14 ./Drivers/STM32F3xx_HAL_Driver/Src/stm32f3xx_hal_uart.o
                0x000000000800a3a8                HAL_UART_RxHalfCpltCallback
 .text.UART_SetConfig
                0x000000000800a3bc      0x3a8 ./Drivers/STM32F3xx_HAL_Driver/Src/stm32f3xx_hal_uart.o
                0x000000000800a3bc                UART_SetConfig
 .text.UART_AdvFeatureConfig
                0x000000000800a764      0x144 ./Drivers/STM32F3xx_HAL_Driver/Src/stm32f3xx_hal_uart.o
                0x000000000800a764                UART_AdvFeatureConfig
 .text.UART_CheckIdleState
                0x000000000800a8a8      0x150 ./Drivers/STM32F3xx_HAL_Driver/Src/stm32f3xx_hal_uart.o
                0x000000000800a8a8                UART_CheckIdleState
 .text.UART_WaitOnFlagUntilTimeout
                0x000000000800a9f8       0xce ./Drivers/STM32F3xx_HAL_Driver/Src/stm32f3xx_hal_uart.o
                0x000000000800a9f8                UART_WaitOnFlagUntilTimeout
 *fill*         0x000000000800aac6        0x2 
 .text.UART_Start_Receive_DMA
                0x000000000800aac8      0x140 ./Drivers/STM32F3xx_HAL_Driver/Src/stm32f3xx_hal_uart.o
                0x000000000800aac8                UART_Start_Receive_DMA
 .text.UART_EndTxTransfer
                0x000000000800ac08       0x4c ./Drivers/STM32F3xx_HAL_Driver/Src/stm32f3xx_hal_uart.o
 .text.UART_EndRxTransfer
                0x000000000800ac54       0xc8 ./Drivers/STM32F3xx_HAL_Driver/Src/stm32f3xx_hal_uart.o
 .text.UART_DMATransmitCplt
                0x000000000800ad1c       0x94 ./Drivers/STM32F3xx_HAL_Driver/Src/stm32f3xx_hal_uart.o
 .text.UART_DMATxHalfCplt
                0x000000000800adb0       0x1c ./Drivers/STM32F3xx_HAL_Driver/Src/stm32f3xx_hal_uart.o
 .text.UART_DMAReceiveCplt
                0x000000000800adcc      0x126 ./Drivers/STM32F3xx_HAL_Driver/Src/stm32f3xx_hal_uart.o
 .text.UART_DMARxHalfCplt
                0x000000000800aef2       0x3e ./Drivers/STM32F3xx_HAL_Driver/Src/stm32f3xx_hal_uart.o
 .text.UART_DMAError
                0x000000000800af30       0x7e ./Drivers/STM32F3xx_HAL_Driver/Src/stm32f3xx_hal_uart.o
 .text.UART_DMAAbortOnError
                0x000000000800afae       0x2c ./Drivers/STM32F3xx_HAL_Driver/Src/stm32f3xx_hal_uart.o
 .text.UART_EndTransmit_IT
                0x000000000800afda       0x54 ./Drivers/STM32F3xx_HAL_Driver/Src/stm32f3xx_hal_uart.o
 .text.HAL_UARTEx_WakeupCallback
                0x000000000800b02e       0x14 ./Drivers/STM32F3xx_HAL_Driver/Src/stm32f3xx_hal_uart_ex.o
                0x000000000800b02e                HAL_UARTEx_WakeupCallback
 .text.HAL_UARTEx_ReceiveToIdle_DMA
                0x000000000800b042       0xa8 ./Drivers/STM32F3xx_HAL_Driver/Src/stm32f3xx_hal_uart_ex.o
                0x000000000800b042                HAL_UARTEx_ReceiveToIdle_DMA
 *fill*         0x000000000800b0ea        0x2 
 .text.__errno  0x000000000800b0ec        0xc c:/st/stm32cubeide_1.10.1/stm32cubeide/plugins/com.st.stm32cube.ide.mcu.externaltools.gnu-tools-for-stm32.10.3-2021.10.win32_1.0.200.202301161003/tools/bin/../lib/gcc/arm-none-eabi/10.3.1/../../../../arm-none-eabi/lib/thumb/v7e-m+fp/hard\libc_nano.a(lib_a-errno.o)
                0x000000000800b0ec                __errno
 .text.__libc_init_array
                0x000000000800b0f8       0x48 c:/st/stm32cubeide_1.10.1/stm32cubeide/plugins/com.st.stm32cube.ide.mcu.externaltools.gnu-tools-for-stm32.10.3-2021.10.win32_1.0.200.202301161003/tools/bin/../lib/gcc/arm-none-eabi/10.3.1/../../../../arm-none-eabi/lib/thumb/v7e-m+fp/hard\libc_nano.a(lib_a-init.o)
                0x000000000800b0f8                __libc_init_array
 .text.memcpy   0x000000000800b140       0x1c c:/st/stm32cubeide_1.10.1/stm32cubeide/plugins/com.st.stm32cube.ide.mcu.externaltools.gnu-tools-for-stm32.10.3-2021.10.win32_1.0.200.202301161003/tools/bin/../lib/gcc/arm-none-eabi/10.3.1/../../../../arm-none-eabi/lib/thumb/v7e-m+fp/hard\libc_nano.a(lib_a-memcpy-stub.o)
                0x000000000800b140                memcpy
 .text.memset   0x000000000800b15c       0x10 c:/st/stm32cubeide_1.10.1/stm32cubeide/plugins/com.st.stm32cube.ide.mcu.externaltools.gnu-tools-for-stm32.10.3-2021.10.win32_1.0.200.202301161003/tools/bin/../lib/gcc/arm-none-eabi/10.3.1/../../../../arm-none-eabi/lib/thumb/v7e-m+fp/hard\libc_nano.a(lib_a-memset.o)
                0x000000000800b15c                memset
 .text.printf   0x000000000800b16c       0x30 c:/st/stm32cubeide_1.10.1/stm32cubeide/plugins/com.st.stm32cube.ide.mcu.externaltools.gnu-tools-for-stm32.10.3-2021.10.win32_1.0.200.202301161003/tools/bin/../lib/gcc/arm-none-eabi/10.3.1/../../../../arm-none-eabi/lib/thumb/v7e-m+fp/hard\libc_nano.a(lib_a-printf.o)
                0x000000000800b16c                iprintf
                0x000000000800b16c                printf
 .text._puts_r  0x000000000800b19c       0xdc c:/st/stm32cubeide_1.10.1/stm32cubeide/plugins/com.st.stm32cube.ide.mcu.externaltools.gnu-tools-for-stm32.10.3-2021.10.win32_1.0.200.202301161003/tools/bin/../lib/gcc/arm-none-eabi/10.3.1/../../../../arm-none-eabi/lib/thumb/v7e-m+fp/hard\libc_nano.a(lib_a-puts.o)
                0x000000000800b19c                _puts_r
 .text.puts     0x000000000800b278       0x10 c:/st/stm32cubeide_1.10.1/stm32cubeide/plugins/com.st.stm32cube.ide.mcu.externaltools.gnu-tools-for-stm32.10.3-2021.10.win32_1.0.200.202301161003/tools/bin/../lib/gcc/arm-none-eabi/10.3.1/../../../../arm-none-eabi/lib/thumb/v7e-m+fp/hard\libc_nano.a(lib_a-puts.o)
                0x000000000800b278                puts
 .text.sprintf  0x000000000800b288       0x40 c:/st/stm32cubeide_1.10.1/stm32cubeide/plugins/com.st.stm32cube.ide.mcu.externaltools.gnu-tools-for-stm32.10.3-2021.10.win32_1.0.200.202301161003/tools/bin/../lib/gcc/arm-none-eabi/10.3.1/../../../../arm-none-eabi/lib/thumb/v7e-m+fp/hard\libc_nano.a(lib_a-sprintf.o)
                0x000000000800b288                siprintf
                0x000000000800b288                sprintf
 .text.sscanf   0x000000000800b2c8       0x58 c:/st/stm32cubeide_1.10.1/stm32cubeide/plugins/com.st.stm32cube.ide.mcu.externaltools.gnu-tools-for-stm32.10.3-2021.10.win32_1.0.200.202301161003/tools/bin/../lib/gcc/arm-none-eabi/10.3.1/../../../../arm-none-eabi/lib/thumb/v7e-m+fp/hard\libc_nano.a(lib_a-sscanf.o)
                0x000000000800b2c8                siscanf
                0x000000000800b2c8                sscanf
 .text.__sread  0x000000000800b320       0x22 c:/st/stm32cubeide_1.10.1/stm32cubeide/plugins/com.st.stm32cube.ide.mcu.externaltools.gnu-tools-for-stm32.10.3-2021.10.win32_1.0.200.202301161003/tools/bin/../lib/gcc/arm-none-eabi/10.3.1/../../../../arm-none-eabi/lib/thumb/v7e-m+fp/hard\libc_nano.a(lib_a-stdio.o)
                0x000000000800b320                __sread
 .text.__seofread
                0x000000000800b342        0x4 c:/st/stm32cubeide_1.10.1/stm32cubeide/plugins/com.st.stm32cube.ide.mcu.externaltools.gnu-tools-for-stm32.10.3-2021.10.win32_1.0.200.202301161003/tools/bin/../lib/gcc/arm-none-eabi/10.3.1/../../../../arm-none-eabi/lib/thumb/v7e-m+fp/hard\libc_nano.a(lib_a-stdio.o)
                0x000000000800b342                __seofread
 .text.__swrite
                0x000000000800b346       0x38 c:/st/stm32cubeide_1.10.1/stm32cubeide/plugins/com.st.stm32cube.ide.mcu.externaltools.gnu-tools-for-stm32.10.3-2021.10.win32_1.0.200.202301161003/tools/bin/../lib/gcc/arm-none-eabi/10.3.1/../../../../arm-none-eabi/lib/thumb/v7e-m+fp/hard\libc_nano.a(lib_a-stdio.o)
                0x000000000800b346                __swrite
 .text.__sseek  0x000000000800b37e       0x24 c:/st/stm32cubeide_1.10.1/stm32cubeide/plugins/com.st.stm32cube.ide.mcu.externaltools.gnu-tools-for-stm32.10.3-2021.10.win32_1.0.200.202301161003/tools/bin/../lib/gcc/arm-none-eabi/10.3.1/../../../../arm-none-eabi/lib/thumb/v7e-m+fp/hard\libc_nano.a(lib_a-stdio.o)
                0x000000000800b37e                __sseek
 .text.__sclose
                0x000000000800b3a2        0x8 c:/st/stm32cubeide_1.10.1/stm32cubeide/plugins/com.st.stm32cube.ide.mcu.externaltools.gnu-tools-for-stm32.10.3-2021.10.win32_1.0.200.202301161003/tools/bin/../lib/gcc/arm-none-eabi/10.3.1/../../../../arm-none-eabi/lib/thumb/v7e-m+fp/hard\libc_nano.a(lib_a-stdio.o)
                0x000000000800b3a2                __sclose
 .text.strcpy   0x000000000800b3aa       0x10 c:/st/stm32cubeide_1.10.1/stm32cubeide/plugins/com.st.stm32cube.ide.mcu.externaltools.gnu-tools-for-stm32.10.3-2021.10.win32_1.0.200.202301161003/tools/bin/../lib/gcc/arm-none-eabi/10.3.1/../../../../arm-none-eabi/lib/thumb/v7e-m+fp/hard\libc_nano.a(lib_a-strcpy.o)
                0x000000000800b3aa                strcpy
 .text.strstr   0x000000000800b3ba       0x2c c:/st/stm32cubeide_1.10.1/stm32cubeide/plugins/com.st.stm32cube.ide.mcu.externaltools.gnu-tools-for-stm32.10.3-2021.10.win32_1.0.200.202301161003/tools/bin/../lib/gcc/arm-none-eabi/10.3.1/../../../../arm-none-eabi/lib/thumb/v7e-m+fp/hard\libc_nano.a(lib_a-strstr.o)
                0x000000000800b3ba                strstr
 *fill*         0x000000000800b3e6        0x2 
 .text.__swbuf_r
                0x000000000800b3e8       0xa4 c:/st/stm32cubeide_1.10.1/stm32cubeide/plugins/com.st.stm32cube.ide.mcu.externaltools.gnu-tools-for-stm32.10.3-2021.10.win32_1.0.200.202301161003/tools/bin/../lib/gcc/arm-none-eabi/10.3.1/../../../../arm-none-eabi/lib/thumb/v7e-m+fp/hard\libc_nano.a(lib_a-wbuf.o)
                0x000000000800b3e8                __swbuf_r
 .text._write_r
                0x000000000800b48c       0x24 c:/st/stm32cubeide_1.10.1/stm32cubeide/plugins/com.st.stm32cube.ide.mcu.externaltools.gnu-tools-for-stm32.10.3-2021.10.win32_1.0.200.202301161003/tools/bin/../lib/gcc/arm-none-eabi/10.3.1/../../../../arm-none-eabi/lib/thumb/v7e-m+fp/hard\libc_nano.a(lib_a-writer.o)
                0x000000000800b48c                _write_r
 .text.__swsetup_r
                0x000000000800b4b0       0xdc c:/st/stm32cubeide_1.10.1/stm32cubeide/plugins/com.st.stm32cube.ide.mcu.externaltools.gnu-tools-for-stm32.10.3-2021.10.win32_1.0.200.202301161003/tools/bin/../lib/gcc/arm-none-eabi/10.3.1/../../../../arm-none-eabi/lib/thumb/v7e-m+fp/hard\libc_nano.a(lib_a-wsetup.o)
                0x000000000800b4b0                __swsetup_r
 .text._close_r
                0x000000000800b58c       0x20 c:/st/stm32cubeide_1.10.1/stm32cubeide/plugins/com.st.stm32cube.ide.mcu.externaltools.gnu-tools-for-stm32.10.3-2021.10.win32_1.0.200.202301161003/tools/bin/../lib/gcc/arm-none-eabi/10.3.1/../../../../arm-none-eabi/lib/thumb/v7e-m+fp/hard\libc_nano.a(lib_a-closer.o)
                0x000000000800b58c                _close_r
 .text.__sflush_r
                0x000000000800b5ac      0x10c c:/st/stm32cubeide_1.10.1/stm32cubeide/plugins/com.st.stm32cube.ide.mcu.externaltools.gnu-tools-for-stm32.10.3-2021.10.win32_1.0.200.202301161003/tools/bin/../lib/gcc/arm-none-eabi/10.3.1/../../../../arm-none-eabi/lib/thumb/v7e-m+fp/hard\libc_nano.a(lib_a-fflush.o)
                0x000000000800b5ac                __sflush_r
 .text._fflush_r
                0x000000000800b6b8       0x78 c:/st/stm32cubeide_1.10.1/stm32cubeide/plugins/com.st.stm32cube.ide.mcu.externaltools.gnu-tools-for-stm32.10.3-2021.10.win32_1.0.200.202301161003/tools/bin/../lib/gcc/arm-none-eabi/10.3.1/../../../../arm-none-eabi/lib/thumb/v7e-m+fp/hard\libc_nano.a(lib_a-fflush.o)
                0x000000000800b6b8                _fflush_r
 .text.std      0x000000000800b730       0x48 c:/st/stm32cubeide_1.10.1/stm32cubeide/plugins/com.st.stm32cube.ide.mcu.externaltools.gnu-tools-for-stm32.10.3-2021.10.win32_1.0.200.202301161003/tools/bin/../lib/gcc/arm-none-eabi/10.3.1/../../../../arm-none-eabi/lib/thumb/v7e-m+fp/hard\libc_nano.a(lib_a-findfp.o)
 .text._cleanup_r
                0x000000000800b778        0xc c:/st/stm32cubeide_1.10.1/stm32cubeide/plugins/com.st.stm32cube.ide.mcu.externaltools.gnu-tools-for-stm32.10.3-2021.10.win32_1.0.200.202301161003/tools/bin/../lib/gcc/arm-none-eabi/10.3.1/../../../../arm-none-eabi/lib/thumb/v7e-m+fp/hard\libc_nano.a(lib_a-findfp.o)
                0x000000000800b778                _cleanup_r
 .text.__sfmoreglue
                0x000000000800b784       0x2c c:/st/stm32cubeide_1.10.1/stm32cubeide/plugins/com.st.stm32cube.ide.mcu.externaltools.gnu-tools-for-stm32.10.3-2021.10.win32_1.0.200.202301161003/tools/bin/../lib/gcc/arm-none-eabi/10.3.1/../../../../arm-none-eabi/lib/thumb/v7e-m+fp/hard\libc_nano.a(lib_a-findfp.o)
                0x000000000800b784                __sfmoreglue
 .text.__sfp_lock_acquire
                0x000000000800b7b0        0xc c:/st/stm32cubeide_1.10.1/stm32cubeide/plugins/com.st.stm32cube.ide.mcu.externaltools.gnu-tools-for-stm32.10.3-2021.10.win32_1.0.200.202301161003/tools/bin/../lib/gcc/arm-none-eabi/10.3.1/../../../../arm-none-eabi/lib/thumb/v7e-m+fp/hard\libc_nano.a(lib_a-findfp.o)
                0x000000000800b7b0                __sfp_lock_acquire
 .text.__sfp_lock_release
                0x000000000800b7bc        0xc c:/st/stm32cubeide_1.10.1/stm32cubeide/plugins/com.st.stm32cube.ide.mcu.externaltools.gnu-tools-for-stm32.10.3-2021.10.win32_1.0.200.202301161003/tools/bin/../lib/gcc/arm-none-eabi/10.3.1/../../../../arm-none-eabi/lib/thumb/v7e-m+fp/hard\libc_nano.a(lib_a-findfp.o)
                0x000000000800b7bc                __sfp_lock_release
 .text.__sinit_lock_acquire
                0x000000000800b7c8        0xc c:/st/stm32cubeide_1.10.1/stm32cubeide/plugins/com.st.stm32cube.ide.mcu.externaltools.gnu-tools-for-stm32.10.3-2021.10.win32_1.0.200.202301161003/tools/bin/../lib/gcc/arm-none-eabi/10.3.1/../../../../arm-none-eabi/lib/thumb/v7e-m+fp/hard\libc_nano.a(lib_a-findfp.o)
                0x000000000800b7c8                __sinit_lock_acquire
 .text.__sinit_lock_release
                0x000000000800b7d4        0xc c:/st/stm32cubeide_1.10.1/stm32cubeide/plugins/com.st.stm32cube.ide.mcu.externaltools.gnu-tools-for-stm32.10.3-2021.10.win32_1.0.200.202301161003/tools/bin/../lib/gcc/arm-none-eabi/10.3.1/../../../../arm-none-eabi/lib/thumb/v7e-m+fp/hard\libc_nano.a(lib_a-findfp.o)
                0x000000000800b7d4                __sinit_lock_release
 .text.__sinit  0x000000000800b7e0       0x70 c:/st/stm32cubeide_1.10.1/stm32cubeide/plugins/com.st.stm32cube.ide.mcu.externaltools.gnu-tools-for-stm32.10.3-2021.10.win32_1.0.200.202301161003/tools/bin/../lib/gcc/arm-none-eabi/10.3.1/../../../../arm-none-eabi/lib/thumb/v7e-m+fp/hard\libc_nano.a(lib_a-findfp.o)
                0x000000000800b7e0                __sinit
 .text.__sfp    0x000000000800b850       0x8c c:/st/stm32cubeide_1.10.1/stm32cubeide/plugins/com.st.stm32cube.ide.mcu.externaltools.gnu-tools-for-stm32.10.3-2021.10.win32_1.0.200.202301161003/tools/bin/../lib/gcc/arm-none-eabi/10.3.1/../../../../arm-none-eabi/lib/thumb/v7e-m+fp/hard\libc_nano.a(lib_a-findfp.o)
                0x000000000800b850                __sfp
 .text._fwalk_reent
                0x000000000800b8dc       0x3e c:/st/stm32cubeide_1.10.1/stm32cubeide/plugins/com.st.stm32cube.ide.mcu.externaltools.gnu-tools-for-stm32.10.3-2021.10.win32_1.0.200.202301161003/tools/bin/../lib/gcc/arm-none-eabi/10.3.1/../../../../arm-none-eabi/lib/thumb/v7e-m+fp/hard\libc_nano.a(lib_a-fwalk.o)
                0x000000000800b8dc                _fwalk_reent
 .text.__retarget_lock_init_recursive
                0x000000000800b91a        0x2 c:/st/stm32cubeide_1.10.1/stm32cubeide/plugins/com.st.stm32cube.ide.mcu.externaltools.gnu-tools-for-stm32.10.3-2021.10.win32_1.0.200.202301161003/tools/bin/../lib/gcc/arm-none-eabi/10.3.1/../../../../arm-none-eabi/lib/thumb/v7e-m+fp/hard\libc_nano.a(lib_a-lock.o)
                0x000000000800b91a                __retarget_lock_init_recursive
 .text.__retarget_lock_acquire_recursive
                0x000000000800b91c        0x2 c:/st/stm32cubeide_1.10.1/stm32cubeide/plugins/com.st.stm32cube.ide.mcu.externaltools.gnu-tools-for-stm32.10.3-2021.10.win32_1.0.200.202301161003/tools/bin/../lib/gcc/arm-none-eabi/10.3.1/../../../../arm-none-eabi/lib/thumb/v7e-m+fp/hard\libc_nano.a(lib_a-lock.o)
                0x000000000800b91c                __retarget_lock_acquire_recursive
 .text.__retarget_lock_release_recursive
                0x000000000800b91e        0x2 c:/st/stm32cubeide_1.10.1/stm32cubeide/plugins/com.st.stm32cube.ide.mcu.externaltools.gnu-tools-for-stm32.10.3-2021.10.win32_1.0.200.202301161003/tools/bin/../lib/gcc/arm-none-eabi/10.3.1/../../../../arm-none-eabi/lib/thumb/v7e-m+fp/hard\libc_nano.a(lib_a-lock.o)
                0x000000000800b91e                __retarget_lock_release_recursive
 .text._lseek_r
                0x000000000800b920       0x24 c:/st/stm32cubeide_1.10.1/stm32cubeide/plugins/com.st.stm32cube.ide.mcu.externaltools.gnu-tools-for-stm32.10.3-2021.10.win32_1.0.200.202301161003/tools/bin/../lib/gcc/arm-none-eabi/10.3.1/../../../../arm-none-eabi/lib/thumb/v7e-m+fp/hard\libc_nano.a(lib_a-lseekr.o)
                0x000000000800b920                _lseek_r
 .text.__swhatbuf_r
                0x000000000800b944       0x4a c:/st/stm32cubeide_1.10.1/stm32cubeide/plugins/com.st.stm32cube.ide.mcu.externaltools.gnu-tools-for-stm32.10.3-2021.10.win32_1.0.200.202301161003/tools/bin/../lib/gcc/arm-none-eabi/10.3.1/../../../../arm-none-eabi/lib/thumb/v7e-m+fp/hard\libc_nano.a(lib_a-makebuf.o)
                0x000000000800b944                __swhatbuf_r
 *fill*         0x000000000800b98e        0x2 
 .text.__smakebuf_r
                0x000000000800b990       0x80 c:/st/stm32cubeide_1.10.1/stm32cubeide/plugins/com.st.stm32cube.ide.mcu.externaltools.gnu-tools-for-stm32.10.3-2021.10.win32_1.0.200.202301161003/tools/bin/../lib/gcc/arm-none-eabi/10.3.1/../../../../arm-none-eabi/lib/thumb/v7e-m+fp/hard\libc_nano.a(lib_a-makebuf.o)
                0x000000000800b990                __smakebuf_r
 .text._free_r  0x000000000800ba10       0x98 c:/st/stm32cubeide_1.10.1/stm32cubeide/plugins/com.st.stm32cube.ide.mcu.externaltools.gnu-tools-for-stm32.10.3-2021.10.win32_1.0.200.202301161003/tools/bin/../lib/gcc/arm-none-eabi/10.3.1/../../../../arm-none-eabi/lib/thumb/v7e-m+fp/hard\libc_nano.a(lib_a-nano-freer.o)
                0x000000000800ba10                _free_r
 .text.sbrk_aligned
                0x000000000800baa8       0x40 c:/st/stm32cubeide_1.10.1/stm32cubeide/plugins/com.st.stm32cube.ide.mcu.externaltools.gnu-tools-for-stm32.10.3-2021.10.win32_1.0.200.202301161003/tools/bin/../lib/gcc/arm-none-eabi/10.3.1/../../../../arm-none-eabi/lib/thumb/v7e-m+fp/hard\libc_nano.a(lib_a-nano-mallocr.o)
 .text._malloc_r
                0x000000000800bae8       0xe8 c:/st/stm32cubeide_1.10.1/stm32cubeide/plugins/com.st.stm32cube.ide.mcu.externaltools.gnu-tools-for-stm32.10.3-2021.10.win32_1.0.200.202301161003/tools/bin/../lib/gcc/arm-none-eabi/10.3.1/../../../../arm-none-eabi/lib/thumb/v7e-m+fp/hard\libc_nano.a(lib_a-nano-mallocr.o)
                0x000000000800bae8                _malloc_r
 .text.__ssputs_r
                0x000000000800bbd0       0xb6 c:/st/stm32cubeide_1.10.1/stm32cubeide/plugins/com.st.stm32cube.ide.mcu.externaltools.gnu-tools-for-stm32.10.3-2021.10.win32_1.0.200.202301161003/tools/bin/../lib/gcc/arm-none-eabi/10.3.1/../../../../arm-none-eabi/lib/thumb/v7e-m+fp/hard\libc_nano.a(lib_a-nano-svfprintf.o)
                0x000000000800bbd0                __ssputs_r
 *fill*         0x000000000800bc86        0x2 
 .text._svfprintf_r
                0x000000000800bc88      0x200 c:/st/stm32cubeide_1.10.1/stm32cubeide/plugins/com.st.stm32cube.ide.mcu.externaltools.gnu-tools-for-stm32.10.3-2021.10.win32_1.0.200.202301161003/tools/bin/../lib/gcc/arm-none-eabi/10.3.1/../../../../arm-none-eabi/lib/thumb/v7e-m+fp/hard\libc_nano.a(lib_a-nano-svfprintf.o)
                0x000000000800bc88                _svfiprintf_r
                0x000000000800bc88                _svfprintf_r
 .text._sungetc_r
                0x000000000800be88       0x7a c:/st/stm32cubeide_1.10.1/stm32cubeide/plugins/com.st.stm32cube.ide.mcu.externaltools.gnu-tools-for-stm32.10.3-2021.10.win32_1.0.200.202301161003/tools/bin/../lib/gcc/arm-none-eabi/10.3.1/../../../../arm-none-eabi/lib/thumb/v7e-m+fp/hard\libc_nano.a(lib_a-nano-svfscanf.o)
                0x000000000800be88                _sungetc_r
 .text.__ssrefill_r
                0x000000000800bf02       0x3a c:/st/stm32cubeide_1.10.1/stm32cubeide/plugins/com.st.stm32cube.ide.mcu.externaltools.gnu-tools-for-stm32.10.3-2021.10.win32_1.0.200.202301161003/tools/bin/../lib/gcc/arm-none-eabi/10.3.1/../../../../arm-none-eabi/lib/thumb/v7e-m+fp/hard\libc_nano.a(lib_a-nano-svfscanf.o)
                0x000000000800bf02                __ssrefill_r
 .text.__ssvfscanf_r
                0x000000000800bf3c      0x2f0 c:/st/stm32cubeide_1.10.1/stm32cubeide/plugins/com.st.stm32cube.ide.mcu.externaltools.gnu-tools-for-stm32.10.3-2021.10.win32_1.0.200.202301161003/tools/bin/../lib/gcc/arm-none-eabi/10.3.1/../../../../arm-none-eabi/lib/thumb/v7e-m+fp/hard\libc_nano.a(lib_a-nano-svfscanf.o)
                0x000000000800bf3c                __ssvfiscanf_r
                0x000000000800bf3c                __ssvfscanf_r
 .text.__sfputc_r
                0x000000000800c22c       0x2e c:/st/stm32cubeide_1.10.1/stm32cubeide/plugins/com.st.stm32cube.ide.mcu.externaltools.gnu-tools-for-stm32.10.3-2021.10.win32_1.0.200.202301161003/tools/bin/../lib/gcc/arm-none-eabi/10.3.1/../../../../arm-none-eabi/lib/thumb/v7e-m+fp/hard\libc_nano.a(lib_a-nano-vfprintf.o)
 .text.__sfputs_r
                0x000000000800c25a       0x24 c:/st/stm32cubeide_1.10.1/stm32cubeide/plugins/com.st.stm32cube.ide.mcu.externaltools.gnu-tools-for-stm32.10.3-2021.10.win32_1.0.200.202301161003/tools/bin/../lib/gcc/arm-none-eabi/10.3.1/../../../../arm-none-eabi/lib/thumb/v7e-m+fp/hard\libc_nano.a(lib_a-nano-vfprintf.o)
                0x000000000800c25a                __sfputs_r
 *fill*         0x000000000800c27e        0x2 
 .text._vfprintf_r
                0x000000000800c280      0x260 c:/st/stm32cubeide_1.10.1/stm32cubeide/plugins/com.st.stm32cube.ide.mcu.externaltools.gnu-tools-for-stm32.10.3-2021.10.win32_1.0.200.202301161003/tools/bin/../lib/gcc/arm-none-eabi/10.3.1/../../../../arm-none-eabi/lib/thumb/v7e-m+fp/hard\libc_nano.a(lib_a-nano-vfprintf.o)
                0x000000000800c280                _vfprintf_r
                0x000000000800c280                _vfiprintf_r
 .text._printf_common
                0x000000000800c4e0       0xda c:/st/stm32cubeide_1.10.1/stm32cubeide/plugins/com.st.stm32cube.ide.mcu.externaltools.gnu-tools-for-stm32.10.3-2021.10.win32_1.0.200.202301161003/tools/bin/../lib/gcc/arm-none-eabi/10.3.1/../../../../arm-none-eabi/lib/thumb/v7e-m+fp/hard\libc_nano.a(lib_a-nano-vfprintf_i.o)
                0x000000000800c4e0                _printf_common
 *fill*         0x000000000800c5ba        0x2 
 .text._printf_i
                0x000000000800c5bc      0x24c c:/st/stm32cubeide_1.10.1/stm32cubeide/plugins/com.st.stm32cube.ide.mcu.externaltools.gnu-tools-for-stm32.10.3-2021.10.win32_1.0.200.202301161003/tools/bin/../lib/gcc/arm-none-eabi/10.3.1/../../../../arm-none-eabi/lib/thumb/v7e-m+fp/hard\libc_nano.a(lib_a-nano-vfprintf_i.o)
                0x000000000800c5bc                _printf_i
 .text._scanf_chars
                0x000000000800c808       0xb4 c:/st/stm32cubeide_1.10.1/stm32cubeide/plugins/com.st.stm32cube.ide.mcu.externaltools.gnu-tools-for-stm32.10.3-2021.10.win32_1.0.200.202301161003/tools/bin/../lib/gcc/arm-none-eabi/10.3.1/../../../../arm-none-eabi/lib/thumb/v7e-m+fp/hard\libc_nano.a(lib_a-nano-vfscanf_i.o)
                0x000000000800c808                _scanf_chars
 .text._scanf_i
                0x000000000800c8bc      0x1f0 c:/st/stm32cubeide_1.10.1/stm32cubeide/plugins/com.st.stm32cube.ide.mcu.externaltools.gnu-tools-for-stm32.10.3-2021.10.win32_1.0.200.202301161003/tools/bin/../lib/gcc/arm-none-eabi/10.3.1/../../../../arm-none-eabi/lib/thumb/v7e-m+fp/hard\libc_nano.a(lib_a-nano-vfscanf_i.o)
                0x000000000800c8bc                _scanf_i
 .text._read_r  0x000000000800caac       0x24 c:/st/stm32cubeide_1.10.1/stm32cubeide/plugins/com.st.stm32cube.ide.mcu.externaltools.gnu-tools-for-stm32.10.3-2021.10.win32_1.0.200.202301161003/tools/bin/../lib/gcc/arm-none-eabi/10.3.1/../../../../arm-none-eabi/lib/thumb/v7e-m+fp/hard\libc_nano.a(lib_a-readr.o)
                0x000000000800caac                _read_r
 .text._sbrk_r  0x000000000800cad0       0x20 c:/st/stm32cubeide_1.10.1/stm32cubeide/plugins/com.st.stm32cube.ide.mcu.externaltools.gnu-tools-for-stm32.10.3-2021.10.win32_1.0.200.202301161003/tools/bin/../lib/gcc/arm-none-eabi/10.3.1/../../../../arm-none-eabi/lib/thumb/v7e-m+fp/hard\libc_nano.a(lib_a-sbrkr.o)
                0x000000000800cad0                _sbrk_r
 .text.__sccl   0x000000000800caf0       0x70 c:/st/stm32cubeide_1.10.1/stm32cubeide/plugins/com.st.stm32cube.ide.mcu.externaltools.gnu-tools-for-stm32.10.3-2021.10.win32_1.0.200.202301161003/tools/bin/../lib/gcc/arm-none-eabi/10.3.1/../../../../arm-none-eabi/lib/thumb/v7e-m+fp/hard\libc_nano.a(lib_a-sccl.o)
                0x000000000800caf0                __sccl
 .text._strtol_l.constprop.0
                0x000000000800cb60      0x104 c:/st/stm32cubeide_1.10.1/stm32cubeide/plugins/com.st.stm32cube.ide.mcu.externaltools.gnu-tools-for-stm32.10.3-2021.10.win32_1.0.200.202301161003/tools/bin/../lib/gcc/arm-none-eabi/10.3.1/../../../../arm-none-eabi/lib/thumb/v7e-m+fp/hard\libc_nano.a(lib_a-strtol.o)
 .text._strtol_r
                0x000000000800cc64        0x4 c:/st/stm32cubeide_1.10.1/stm32cubeide/plugins/com.st.stm32cube.ide.mcu.externaltools.gnu-tools-for-stm32.10.3-2021.10.win32_1.0.200.202301161003/tools/bin/../lib/gcc/arm-none-eabi/10.3.1/../../../../arm-none-eabi/lib/thumb/v7e-m+fp/hard\libc_nano.a(lib_a-strtol.o)
                0x000000000800cc64                _strtol_r
 .text._strtoul_l.constprop.0
                0x000000000800cc68       0xe4 c:/st/stm32cubeide_1.10.1/stm32cubeide/plugins/com.st.stm32cube.ide.mcu.externaltools.gnu-tools-for-stm32.10.3-2021.10.win32_1.0.200.202301161003/tools/bin/../lib/gcc/arm-none-eabi/10.3.1/../../../../arm-none-eabi/lib/thumb/v7e-m+fp/hard\libc_nano.a(lib_a-strtoul.o)
 .text._strtoul_r
                0x000000000800cd4c        0x4 c:/st/stm32cubeide_1.10.1/stm32cubeide/plugins/com.st.stm32cube.ide.mcu.externaltools.gnu-tools-for-stm32.10.3-2021.10.win32_1.0.200.202301161003/tools/bin/../lib/gcc/arm-none-eabi/10.3.1/../../../../arm-none-eabi/lib/thumb/v7e-m+fp/hard\libc_nano.a(lib_a-strtoul.o)
                0x000000000800cd4c                _strtoul_r
 .text.__submore
                0x000000000800cd50       0x74 c:/st/stm32cubeide_1.10.1/stm32cubeide/plugins/com.st.stm32cube.ide.mcu.externaltools.gnu-tools-for-stm32.10.3-2021.10.win32_1.0.200.202301161003/tools/bin/../lib/gcc/arm-none-eabi/10.3.1/../../../../arm-none-eabi/lib/thumb/v7e-m+fp/hard\libc_nano.a(lib_a-ungetc.o)
                0x000000000800cd50                __submore
 .text._fstat_r
                0x000000000800cdc4       0x24 c:/st/stm32cubeide_1.10.1/stm32cubeide/plugins/com.st.stm32cube.ide.mcu.externaltools.gnu-tools-for-stm32.10.3-2021.10.win32_1.0.200.202301161003/tools/bin/../lib/gcc/arm-none-eabi/10.3.1/../../../../arm-none-eabi/lib/thumb/v7e-m+fp/hard\libc_nano.a(lib_a-fstatr.o)
                0x000000000800cdc4                _fstat_r
 .text._isatty_r
                0x000000000800cde8       0x20 c:/st/stm32cubeide_1.10.1/stm32cubeide/plugins/com.st.stm32cube.ide.mcu.externaltools.gnu-tools-for-stm32.10.3-2021.10.win32_1.0.200.202301161003/tools/bin/../lib/gcc/arm-none-eabi/10.3.1/../../../../arm-none-eabi/lib/thumb/v7e-m+fp/hard\libc_nano.a(lib_a-isattyr.o)
                0x000000000800cde8                _isatty_r
 .text.memmove  0x000000000800ce08       0x34 c:/st/stm32cubeide_1.10.1/stm32cubeide/plugins/com.st.stm32cube.ide.mcu.externaltools.gnu-tools-for-stm32.10.3-2021.10.win32_1.0.200.202301161003/tools/bin/../lib/gcc/arm-none-eabi/10.3.1/../../../../arm-none-eabi/lib/thumb/v7e-m+fp/hard\libc_nano.a(lib_a-memmove.o)
                0x000000000800ce08                memmove
 .text.__malloc_lock
                0x000000000800ce3c        0xc c:/st/stm32cubeide_1.10.1/stm32cubeide/plugins/com.st.stm32cube.ide.mcu.externaltools.gnu-tools-for-stm32.10.3-2021.10.win32_1.0.200.202301161003/tools/bin/../lib/gcc/arm-none-eabi/10.3.1/../../../../arm-none-eabi/lib/thumb/v7e-m+fp/hard\libc_nano.a(lib_a-mlock.o)
                0x000000000800ce3c                __malloc_lock
 .text.__malloc_unlock
                0x000000000800ce48        0xc c:/st/stm32cubeide_1.10.1/stm32cubeide/plugins/com.st.stm32cube.ide.mcu.externaltools.gnu-tools-for-stm32.10.3-2021.10.win32_1.0.200.202301161003/tools/bin/../lib/gcc/arm-none-eabi/10.3.1/../../../../arm-none-eabi/lib/thumb/v7e-m+fp/hard\libc_nano.a(lib_a-mlock.o)
                0x000000000800ce48                __malloc_unlock
 .text._realloc_r
                0x000000000800ce54       0x5e c:/st/stm32cubeide_1.10.1/stm32cubeide/plugins/com.st.stm32cube.ide.mcu.externaltools.gnu-tools-for-stm32.10.3-2021.10.win32_1.0.200.202301161003/tools/bin/../lib/gcc/arm-none-eabi/10.3.1/../../../../arm-none-eabi/lib/thumb/v7e-m+fp/hard\libc_nano.a(lib_a-nano-reallocr.o)
                0x000000000800ce54                _realloc_r
 .text._malloc_usable_size_r
                0x000000000800ceb2       0x10 c:/st/stm32cubeide_1.10.1/stm32cubeide/plugins/com.st.stm32cube.ide.mcu.externaltools.gnu-tools-for-stm32.10.3-2021.10.win32_1.0.200.202301161003/tools/bin/../lib/gcc/arm-none-eabi/10.3.1/../../../../arm-none-eabi/lib/thumb/v7e-m+fp/hard\libc_nano.a(lib_a-nano-msizer.o)
                0x000000000800ceb2                _malloc_usable_size_r
 *(.glue_7)
 .glue_7        0x000000000800cec2        0x0 linker stubs
 *(.glue_7t)
 .glue_7t       0x000000000800cec2        0x0 linker stubs
 *(.eh_frame)
 *fill*         0x000000000800cec2        0x2 
 .eh_frame      0x000000000800cec4        0x0 c:/st/stm32cubeide_1.10.1/stm32cubeide/plugins/com.st.stm32cube.ide.mcu.externaltools.gnu-tools-for-stm32.10.3-2021.10.win32_1.0.200.202301161003/tools/bin/../lib/gcc/arm-none-eabi/10.3.1/thumb/v7e-m+fp/hard/crtbegin.o
 *(.init)
 .init          0x000000000800cec4        0x4 c:/st/stm32cubeide_1.10.1/stm32cubeide/plugins/com.st.stm32cube.ide.mcu.externaltools.gnu-tools-for-stm32.10.3-2021.10.win32_1.0.200.202301161003/tools/bin/../lib/gcc/arm-none-eabi/10.3.1/thumb/v7e-m+fp/hard/crti.o
                0x000000000800cec4                _init
 .init          0x000000000800cec8        0x8 c:/st/stm32cubeide_1.10.1/stm32cubeide/plugins/com.st.stm32cube.ide.mcu.externaltools.gnu-tools-for-stm32.10.3-2021.10.win32_1.0.200.202301161003/tools/bin/../lib/gcc/arm-none-eabi/10.3.1/thumb/v7e-m+fp/hard/crtn.o
 *(.fini)
 .fini          0x000000000800ced0        0x4 c:/st/stm32cubeide_1.10.1/stm32cubeide/plugins/com.st.stm32cube.ide.mcu.externaltools.gnu-tools-for-stm32.10.3-2021.10.win32_1.0.200.202301161003/tools/bin/../lib/gcc/arm-none-eabi/10.3.1/thumb/v7e-m+fp/hard/crti.o
                0x000000000800ced0                _fini
 .fini          0x000000000800ced4        0x8 c:/st/stm32cubeide_1.10.1/stm32cubeide/plugins/com.st.stm32cube.ide.mcu.externaltools.gnu-tools-for-stm32.10.3-2021.10.win32_1.0.200.202301161003/tools/bin/../lib/gcc/arm-none-eabi/10.3.1/thumb/v7e-m+fp/hard/crtn.o
                0x000000000800cedc                . = ALIGN (0x4)
                0x000000000800cedc                _etext = .

.vfp11_veneer   0x000000000800cedc        0x0
 .vfp11_veneer  0x000000000800cedc        0x0 linker stubs

.v4_bx          0x000000000800cedc        0x0
 .v4_bx         0x000000000800cedc        0x0 linker stubs

.iplt           0x000000000800cedc        0x0
 .iplt          0x000000000800cedc        0x0 c:/st/stm32cubeide_1.10.1/stm32cubeide/plugins/com.st.stm32cube.ide.mcu.externaltools.gnu-tools-for-stm32.10.3-2021.10.win32_1.0.200.202301161003/tools/bin/../lib/gcc/arm-none-eabi/10.3.1/thumb/v7e-m+fp/hard/crtbegin.o

.rodata         0x000000000800cedc     0x31b4
                0x000000000800cedc                . = ALIGN (0x4)
 *(.rodata)
 .rodata        0x000000000800cedc       0xe3 ./Core/Src/esp_webserver_uart_ring_buffer.o
 *fill*         0x000000000800cfbf        0x1 
 .rodata        0x000000000800cfc0      0x117 ./Core/Src/esp_webserver_uart_ring_buffer_motor.o
 *fill*         0x000000000800d0d7        0x1 
 .rodata        0x000000000800d0d8     0x2456 ./Core/Src/esp_webserver_uart_ring_buffer_pixy.o
 *fill*         0x000000000800f52e        0x2 
 .rodata        0x000000000800f530       0xb4 ./Core/Src/esp_webserver_uart_ring_buffer_pixy_html.o
 .rodata        0x000000000800f5e4      0x85d ./Core/Src/esp_webserver_uart_ring_buffer_pixy_state_init.o
 *fill*         0x000000000800fe41        0x3 
 .rodata        0x000000000800fe44       0x10 ./Core/Src/liquidcrystal_i2c.o
 .rodata        0x000000000800fe54       0x42 ./Core/Src/main.o
 *fill*         0x000000000800fe96        0x2 
 .rodata        0x000000000800fe98        0xc c:/st/stm32cubeide_1.10.1/stm32cubeide/plugins/com.st.stm32cube.ide.mcu.externaltools.gnu-tools-for-stm32.10.3-2021.10.win32_1.0.200.202301161003/tools/bin/../lib/gcc/arm-none-eabi/10.3.1/../../../../arm-none-eabi/lib/thumb/v7e-m+fp/hard\libc_nano.a(lib_a-nano-vfscanf_i.o)
 *(.rodata*)
 .rodata.AHBPrescTable
                0x000000000800fea4       0x10 ./Core/Src/system_stm32f3xx.o
                0x000000000800fea4                AHBPrescTable
 .rodata.APBPrescTable
                0x000000000800feb4        0x8 ./Core/Src/system_stm32f3xx.o
                0x000000000800feb4                APBPrescTable
 .rodata.aPLLMULFactorTable
                0x000000000800febc       0x10 ./Drivers/STM32F3xx_HAL_Driver/Src/stm32f3xx_hal_rcc.o
 .rodata.aPredivFactorTable
                0x000000000800fecc       0x10 ./Drivers/STM32F3xx_HAL_Driver/Src/stm32f3xx_hal_rcc.o
 .rodata._global_impure_ptr
                0x000000000800fedc        0x4 c:/st/stm32cubeide_1.10.1/stm32cubeide/plugins/com.st.stm32cube.ide.mcu.externaltools.gnu-tools-for-stm32.10.3-2021.10.win32_1.0.200.202301161003/tools/bin/../lib/gcc/arm-none-eabi/10.3.1/../../../../arm-none-eabi/lib/thumb/v7e-m+fp/hard\libc_nano.a(lib_a-impure.o)
                0x000000000800fedc                _global_impure_ptr
 .rodata.__sf_fake_stderr
                0x000000000800fee0       0x20 c:/st/stm32cubeide_1.10.1/stm32cubeide/plugins/com.st.stm32cube.ide.mcu.externaltools.gnu-tools-for-stm32.10.3-2021.10.win32_1.0.200.202301161003/tools/bin/../lib/gcc/arm-none-eabi/10.3.1/../../../../arm-none-eabi/lib/thumb/v7e-m+fp/hard\libc_nano.a(lib_a-findfp.o)
                0x000000000800fee0                __sf_fake_stderr
 .rodata.__sf_fake_stdin
                0x000000000800ff00       0x20 c:/st/stm32cubeide_1.10.1/stm32cubeide/plugins/com.st.stm32cube.ide.mcu.externaltools.gnu-tools-for-stm32.10.3-2021.10.win32_1.0.200.202301161003/tools/bin/../lib/gcc/arm-none-eabi/10.3.1/../../../../arm-none-eabi/lib/thumb/v7e-m+fp/hard\libc_nano.a(lib_a-findfp.o)
                0x000000000800ff00                __sf_fake_stdin
 .rodata.__sf_fake_stdout
                0x000000000800ff20       0x20 c:/st/stm32cubeide_1.10.1/stm32cubeide/plugins/com.st.stm32cube.ide.mcu.externaltools.gnu-tools-for-stm32.10.3-2021.10.win32_1.0.200.202301161003/tools/bin/../lib/gcc/arm-none-eabi/10.3.1/../../../../arm-none-eabi/lib/thumb/v7e-m+fp/hard\libc_nano.a(lib_a-findfp.o)
                0x000000000800ff20                __sf_fake_stdout
 .rodata._svfprintf_r.str1.1
                0x000000000800ff40       0x11 c:/st/stm32cubeide_1.10.1/stm32cubeide/plugins/com.st.stm32cube.ide.mcu.externaltools.gnu-tools-for-stm32.10.3-2021.10.win32_1.0.200.202301161003/tools/bin/../lib/gcc/arm-none-eabi/10.3.1/../../../../arm-none-eabi/lib/thumb/v7e-m+fp/hard\libc_nano.a(lib_a-nano-svfprintf.o)
 .rodata.__ssvfscanf_r.str1.1
                0x000000000800ff51        0x4 c:/st/stm32cubeide_1.10.1/stm32cubeide/plugins/com.st.stm32cube.ide.mcu.externaltools.gnu-tools-for-stm32.10.3-2021.10.win32_1.0.200.202301161003/tools/bin/../lib/gcc/arm-none-eabi/10.3.1/../../../../arm-none-eabi/lib/thumb/v7e-m+fp/hard\libc_nano.a(lib_a-nano-svfscanf.o)
 .rodata._vfprintf_r.str1.1
                0x000000000800ff51       0x11 c:/st/stm32cubeide_1.10.1/stm32cubeide/plugins/com.st.stm32cube.ide.mcu.externaltools.gnu-tools-for-stm32.10.3-2021.10.win32_1.0.200.202301161003/tools/bin/../lib/gcc/arm-none-eabi/10.3.1/../../../../arm-none-eabi/lib/thumb/v7e-m+fp/hard\libc_nano.a(lib_a-nano-vfprintf.o)
 .rodata._printf_i.str1.1
                0x000000000800ff51       0x22 c:/st/stm32cubeide_1.10.1/stm32cubeide/plugins/com.st.stm32cube.ide.mcu.externaltools.gnu-tools-for-stm32.10.3-2021.10.win32_1.0.200.202301161003/tools/bin/../lib/gcc/arm-none-eabi/10.3.1/../../../../arm-none-eabi/lib/thumb/v7e-m+fp/hard\libc_nano.a(lib_a-nano-vfprintf_i.o)
 .rodata.str1.1
                0x000000000800ff73        0x9 c:/st/stm32cubeide_1.10.1/stm32cubeide/plugins/com.st.stm32cube.ide.mcu.externaltools.gnu-tools-for-stm32.10.3-2021.10.win32_1.0.200.202301161003/tools/bin/../lib/gcc/arm-none-eabi/10.3.1/../../../../arm-none-eabi/lib/thumb/v7e-m+fp/hard\libc_nano.a(lib_a-nano-vfscanf_i.o)
 .rodata._scanf_i.str1.1
                0x000000000800ff7c       0x12 c:/st/stm32cubeide_1.10.1/stm32cubeide/plugins/com.st.stm32cube.ide.mcu.externaltools.gnu-tools-for-stm32.10.3-2021.10.win32_1.0.200.202301161003/tools/bin/../lib/gcc/arm-none-eabi/10.3.1/../../../../arm-none-eabi/lib/thumb/v7e-m+fp/hard\libc_nano.a(lib_a-nano-vfscanf_i.o)
 .rodata._ctype_
                0x000000000800ff8e      0x101 c:/st/stm32cubeide_1.10.1/stm32cubeide/plugins/com.st.stm32cube.ide.mcu.externaltools.gnu-tools-for-stm32.10.3-2021.10.win32_1.0.200.202301161003/tools/bin/../lib/gcc/arm-none-eabi/10.3.1/../../../../arm-none-eabi/lib/thumb/v7e-m+fp/hard\libc_nano.a(lib_a-ctype_.o)
                0x000000000800ff8e                _ctype_
                0x0000000008010090                . = ALIGN (0x4)
 *fill*         0x000000000801008f        0x1 

.rel.dyn        0x0000000008010090        0x0
 .rel.iplt      0x0000000008010090        0x0 c:/st/stm32cubeide_1.10.1/stm32cubeide/plugins/com.st.stm32cube.ide.mcu.externaltools.gnu-tools-for-stm32.10.3-2021.10.win32_1.0.200.202301161003/tools/bin/../lib/gcc/arm-none-eabi/10.3.1/thumb/v7e-m+fp/hard/crtbegin.o

.ARM.extab      0x0000000008010090        0x0
                0x0000000008010090                . = ALIGN (0x4)
 *(.ARM.extab* .gnu.linkonce.armextab.*)
                0x0000000008010090                . = ALIGN (0x4)

.ARM            0x0000000008010090        0x0
                0x0000000008010090                . = ALIGN (0x4)
                0x0000000008010090                __exidx_start = .
 *(.ARM.exidx*)
                0x0000000008010090                __exidx_end = .
                0x0000000008010090                . = ALIGN (0x4)

.preinit_array  0x0000000008010090        0x0
                0x0000000008010090                . = ALIGN (0x4)
                0x0000000008010090                PROVIDE (__preinit_array_start = .)
 *(.preinit_array*)
                0x0000000008010090                PROVIDE (__preinit_array_end = .)
                0x0000000008010090                . = ALIGN (0x4)

.init_array     0x0000000008010090        0x4
                0x0000000008010090                . = ALIGN (0x4)
                0x0000000008010090                PROVIDE (__init_array_start = .)
 *(SORT_BY_NAME(.init_array.*))
 *(.init_array*)
 .init_array    0x0000000008010090        0x4 c:/st/stm32cubeide_1.10.1/stm32cubeide/plugins/com.st.stm32cube.ide.mcu.externaltools.gnu-tools-for-stm32.10.3-2021.10.win32_1.0.200.202301161003/tools/bin/../lib/gcc/arm-none-eabi/10.3.1/thumb/v7e-m+fp/hard/crtbegin.o
                0x0000000008010094                PROVIDE (__init_array_end = .)
                0x0000000008010094                . = ALIGN (0x4)

.fini_array     0x0000000008010094        0x4
                0x0000000008010094                . = ALIGN (0x4)
                [!provide]                        PROVIDE (__fini_array_start = .)
 *(SORT_BY_NAME(.fini_array.*))
 *(.fini_array*)
 .fini_array    0x0000000008010094        0x4 c:/st/stm32cubeide_1.10.1/stm32cubeide/plugins/com.st.stm32cube.ide.mcu.externaltools.gnu-tools-for-stm32.10.3-2021.10.win32_1.0.200.202301161003/tools/bin/../lib/gcc/arm-none-eabi/10.3.1/thumb/v7e-m+fp/hard/crtbegin.o
                [!provide]                        PROVIDE (__fini_array_end = .)
                0x0000000008010098                . = ALIGN (0x4)
                0x0000000008010098                _sidata = LOADADDR (.data)

.data           0x0000000020000000       0xa0 load address 0x0000000008010098
                0x0000000020000000                . = ALIGN (0x4)
                0x0000000020000000                _sdata = .
 *(.data)
 *(.data*)
 .data.special1
                0x0000000020000000        0x8 ./Core/Src/liquidcrystal_i2c.o
                0x0000000020000000                special1
 .data.special2
                0x0000000020000008        0x8 ./Core/Src/liquidcrystal_i2c.o
                0x0000000020000008                special2
 .data.delay_value
                0x0000000020000010        0x2 ./Core/Src/main.o
                0x0000000020000010                delay_value
 *fill*         0x0000000020000012        0x2 
 .data.pixyGetVersion
                0x0000000020000014        0x4 ./Core/Src/main.o
                0x0000000020000014                pixyGetVersion
 .data.pixySetLamp
                0x0000000020000018        0x6 ./Core/Src/main.o
                0x0000000020000018                pixySetLamp
 *fill*         0x000000002000001e        0x2 
 .data.pixyGetMainFeatures
                0x0000000020000020        0x6 ./Core/Src/main.o
                0x0000000020000020                pixyGetMainFeatures
 *fill*         0x0000000020000026        0x2 
 .data.pixyGetAllFeatures
                0x0000000020000028        0x6 ./Core/Src/main.o
                0x0000000020000028                pixyGetAllFeatures
 *fill*         0x000000002000002e        0x2 
 .data.SystemCoreClock
                0x0000000020000030        0x4 ./Core/Src/system_stm32f3xx.o
                0x0000000020000030                SystemCoreClock
 .data.uwTickPrio
                0x0000000020000034        0x4 ./Drivers/STM32F3xx_HAL_Driver/Src/stm32f3xx_hal.o
                0x0000000020000034                uwTickPrio
 .data.uwTickFreq
                0x0000000020000038        0x1 ./Drivers/STM32F3xx_HAL_Driver/Src/stm32f3xx_hal.o
                0x0000000020000038                uwTickFreq
 *fill*         0x0000000020000039        0x3 
 .data._impure_ptr
                0x000000002000003c        0x4 c:/st/stm32cubeide_1.10.1/stm32cubeide/plugins/com.st.stm32cube.ide.mcu.externaltools.gnu-tools-for-stm32.10.3-2021.10.win32_1.0.200.202301161003/tools/bin/../lib/gcc/arm-none-eabi/10.3.1/../../../../arm-none-eabi/lib/thumb/v7e-m+fp/hard\libc_nano.a(lib_a-impure.o)
                0x000000002000003c                _impure_ptr
 .data.impure_data
                0x0000000020000040       0x60 c:/st/stm32cubeide_1.10.1/stm32cubeide/plugins/com.st.stm32cube.ide.mcu.externaltools.gnu-tools-for-stm32.10.3-2021.10.win32_1.0.200.202301161003/tools/bin/../lib/gcc/arm-none-eabi/10.3.1/../../../../arm-none-eabi/lib/thumb/v7e-m+fp/hard\libc_nano.a(lib_a-impure.o)
 *(.RamFunc)
 *(.RamFunc*)
                0x00000000200000a0                . = ALIGN (0x4)
                0x00000000200000a0                _edata = .
                0x0000000008010138                _siccmram = LOADADDR (.ccmram)

.igot.plt       0x00000000200000a0        0x0 load address 0x0000000008010138
 .igot.plt      0x00000000200000a0        0x0 c:/st/stm32cubeide_1.10.1/stm32cubeide/plugins/com.st.stm32cube.ide.mcu.externaltools.gnu-tools-for-stm32.10.3-2021.10.win32_1.0.200.202301161003/tools/bin/../lib/gcc/arm-none-eabi/10.3.1/thumb/v7e-m+fp/hard/crtbegin.o

.ccmram         0x0000000010000000        0x0 load address 0x0000000008010138
                0x0000000010000000                . = ALIGN (0x4)
                0x0000000010000000                _sccmram = .
 *(.ccmram)
 *(.ccmram*)
                0x0000000010000000                . = ALIGN (0x4)
                0x0000000010000000                _eccmram = .
                0x0000000010000000                . = ALIGN (0x4)

.bss            0x00000000200000a0     0x3a0c
                0x00000000200000a0                _sbss = .
                0x00000000200000a0                __bss_start__ = _sbss
 *(.bss)
 .bss           0x00000000200000a0       0x1c c:/st/stm32cubeide_1.10.1/stm32cubeide/plugins/com.st.stm32cube.ide.mcu.externaltools.gnu-tools-for-stm32.10.3-2021.10.win32_1.0.200.202301161003/tools/bin/../lib/gcc/arm-none-eabi/10.3.1/thumb/v7e-m+fp/hard/crtbegin.o
 *(.bss*)
 .bss.dpFunction
                0x00000000200000bc        0x1 ./Core/Src/liquidcrystal_i2c.o
                0x00000000200000bc                dpFunction
 .bss.dpControl
                0x00000000200000bd        0x1 ./Core/Src/liquidcrystal_i2c.o
                0x00000000200000bd                dpControl
 .bss.dpMode    0x00000000200000be        0x1 ./Core/Src/liquidcrystal_i2c.o
                0x00000000200000be                dpMode
 .bss.dpRows    0x00000000200000bf        0x1 ./Core/Src/liquidcrystal_i2c.o
                0x00000000200000bf                dpRows
 .bss.dpBacklight
                0x00000000200000c0        0x1 ./Core/Src/liquidcrystal_i2c.o
                0x00000000200000c0                dpBacklight
 *fill*         0x00000000200000c1        0x3 
 .bss.hi2c1     0x00000000200000c4       0x54 ./Core/Src/main.o
                0x00000000200000c4                hi2c1
 .bss.hspi2     0x0000000020000118       0x64 ./Core/Src/main.o
                0x0000000020000118                hspi2
 .bss.htim3     0x000000002000017c       0x4c ./Core/Src/main.o
                0x000000002000017c                htim3
 .bss.huart1    0x00000000200001c8       0x88 ./Core/Src/main.o
                0x00000000200001c8                huart1
 .bss.huart2    0x0000000020000250       0x88 ./Core/Src/main.o
                0x0000000020000250                huart2
 .bss.hdma_usart1_rx
                0x00000000200002d8       0x44 ./Core/Src/main.o
                0x00000000200002d8                hdma_usart1_rx
 .bss.hdma_usart1_tx
                0x000000002000031c       0x44 ./Core/Src/main.o
                0x000000002000031c                hdma_usart1_tx
 .bss.hdma_usart2_rx
                0x0000000020000360       0x44 ./Core/Src/main.o
                0x0000000020000360                hdma_usart2_rx
 .bss.hdma_usart2_tx
                0x00000000200003a4       0x44 ./Core/Src/main.o
                0x00000000200003a4                hdma_usart2_tx
 .bss.buffArray
                0x00000000200003e8     0x232a ./Core/Src/main.o
                0x00000000200003e8                buffArray
 *fill*         0x0000000020002712        0x2 
 .bss.spiBuffArray