../Drivers/CMSIS/Include/core_cm4.h:2064:26:ITM_SendChar	16	static,ignoring_inline_asm
../Core/Src/main.c:116:5:_write	32	static
../Core/Src/main.c:127:6:HAL_GPIO_EXTI_Callback	16	static
../Core/Src/main.c:163:6:GetExpiryValTick	24	static
../Core/Src/main.c:173:5:main	232	static
../Core/Src/main.c:528:6:SystemClock_Config	160	static
../Core/Src/main.c:580:13:MX_I2C1_Init	8	static
../Core/Src/main.c:628:13:MX_SPI2_Init	8	static
../Core/Src/main.c:668:13:MX_TIM3_Init	64	static
../Core/Src/main.c:733:13:MX_USART1_UART_Init	8	static
../Core/Src/main.c:768:13:MX_USART2_UART_Init	8	static
../Core/Src/main.c:801:13:MX_DMA_Init	16	static
../Core/Src/main.c:828:13:MX_GPIO_Init	48	static
../Core/Src/main.c:893:6:Error_Handler	4	static,ignoring_inline_asm
